<?xml version="1.0" encoding="ISO-8859-1" ?>
<link_info>
   <banner>TI ARM Linker PC v20.2.7.LTS</banner>
   <copyright>Copyright (c) 1996-2018 Texas Instruments Incorporated</copyright>
   <link_time>0x667bff23</link_time>
   <link_errors>0x4</link_errors>
   <output_file>RTSCLAB4.out</output_file>
   <entry_point>
      <name>_c_int00</name>
      <address>0x39cd</address>
   </entry_point>
   <input_file_list>
      <input_file id="fl-2">
         <path>.\</path>
         <kind>object</kind>
         <file>isr.obj</file>
         <name>isr.obj</name>
      </input_file>
      <input_file id="fl-3">
         <path>.\</path>
         <kind>object</kind>
         <file>main.obj</file>
         <name>main.obj</name>
      </input_file>
      <input_file id="fl-4">
         <path>.\</path>
         <kind>object</kind>
         <file>pinout.obj</file>
         <name>pinout.obj</name>
      </input_file>
      <input_file id="fl-5">
         <path>.\</path>
         <kind>object</kind>
         <file>tm4c1294ncpdt_startup_ccs.obj</file>
         <name>tm4c1294ncpdt_startup_ccs.obj</name>
      </input_file>
      <input_file id="fl-6">
         <path>.\rtos\FreeRTOS\source\</path>
         <kind>object</kind>
         <file>croutine.obj</file>
         <name>croutine.obj</name>
      </input_file>
      <input_file id="fl-7">
         <path>.\rtos\FreeRTOS\source\</path>
         <kind>object</kind>
         <file>event_groups.obj</file>
         <name>event_groups.obj</name>
      </input_file>
      <input_file id="fl-8">
         <path>.\rtos\FreeRTOS\source\</path>
         <kind>object</kind>
         <file>list.obj</file>
         <name>list.obj</name>
      </input_file>
      <input_file id="fl-9">
         <path>.\rtos\FreeRTOS\source\</path>
         <kind>object</kind>
         <file>queue.obj</file>
         <name>queue.obj</name>
      </input_file>
      <input_file id="fl-a">
         <path>.\rtos\FreeRTOS\source\</path>
         <kind>object</kind>
         <file>stream_buffer.obj</file>
         <name>stream_buffer.obj</name>
      </input_file>
      <input_file id="fl-b">
         <path>.\rtos\FreeRTOS\source\</path>
         <kind>object</kind>
         <file>tasks.obj</file>
         <name>tasks.obj</name>
      </input_file>
      <input_file id="fl-c">
         <path>.\rtos\FreeRTOS\source\</path>
         <kind>object</kind>
         <file>timers.obj</file>
         <name>timers.obj</name>
      </input_file>
      <input_file id="fl-d">
         <path>.\rtos\FreeRTOS\source\portable\CCS\ARM_CM4F\</path>
         <kind>object</kind>
         <file>port.obj</file>
         <name>port.obj</name>
      </input_file>
      <input_file id="fl-e">
         <path>.\rtos\FreeRTOS\source\portable\CCS\ARM_CM4F\</path>
         <kind>object</kind>
         <file>portasm.obj</file>
         <name>portasm.obj</name>
      </input_file>
      <input_file id="fl-f">
         <path>.\rtos\FreeRTOS\source\portable\MemMang\</path>
         <kind>object</kind>
         <file>heap_1.obj</file>
         <name>heap_1.obj</name>
      </input_file>
      <input_file id="fl-12">
         <path>D:\CCSWorkspace\RTSCLAB4\Debug\configPkg\package\cfg\</path>
         <kind>object</kind>
         <file>RTSCLAB4_pem4f.oem4f</file>
         <name>RTSCLAB4_pem4f.oem4f</name>
      </input_file>
      <input_file id="fl-19">
         <kind>object</kind>
         <file>&lt;internal&gt;</file>
         <name>&lt;internal&gt;</name>
      </input_file>
      <input_file id="fl-1a">
         <path>C:\ti\ccs1250\xdctools_3_25_06_96\packages\ti\catalog\arm\cortexm4\tiva\ce\lib\</path>
         <kind>archive</kind>
         <file>Boot.aem4f</file>
         <name>Boot.oem4f</name>
      </input_file>
      <input_file id="fl-1b">
         <path>C:\ti\ccs1250\xdctools_3_25_06_96\packages\ti\catalog\arm\cortexm4\tiva\ce\lib\</path>
         <kind>archive</kind>
         <file>Boot.aem4f</file>
         <name>Boot_sysctl.oem4f</name>
      </input_file>
      <input_file id="fl-1c">
         <path>C:\ti\ccs1250\xdctools_3_25_06_96\packages\ti\targets\arm\rtsarm\lib\</path>
         <kind>archive</kind>
         <file>ti.targets.arm.rtsarm.aem4f</file>
         <name>Assert.oem4f</name>
      </input_file>
      <input_file id="fl-1d">
         <path>C:\ti\ccs1250\xdctools_3_25_06_96\packages\ti\targets\arm\rtsarm\lib\</path>
         <kind>archive</kind>
         <file>ti.targets.arm.rtsarm.aem4f</file>
         <name>Core-mem.oem4f</name>
      </input_file>
      <input_file id="fl-1e">
         <path>C:\ti\ccs1250\xdctools_3_25_06_96\packages\ti\targets\arm\rtsarm\lib\</path>
         <kind>archive</kind>
         <file>ti.targets.arm.rtsarm.aem4f</file>
         <name>Core-label.oem4f</name>
      </input_file>
      <input_file id="fl-1f">
         <path>C:\ti\ccs1250\xdctools_3_25_06_96\packages\ti\targets\arm\rtsarm\lib\</path>
         <kind>archive</kind>
         <file>ti.targets.arm.rtsarm.aem4f</file>
         <name>Core-params.oem4f</name>
      </input_file>
      <input_file id="fl-20">
         <path>C:\ti\ccs1250\xdctools_3_25_06_96\packages\ti\targets\arm\rtsarm\lib\</path>
         <kind>archive</kind>
         <file>ti.targets.arm.rtsarm.aem4f</file>
         <name>Diags.oem4f</name>
      </input_file>
      <input_file id="fl-21">
         <path>C:\ti\ccs1250\xdctools_3_25_06_96\packages\ti\targets\arm\rtsarm\lib\</path>
         <kind>archive</kind>
         <file>ti.targets.arm.rtsarm.aem4f</file>
         <name>Error.oem4f</name>
      </input_file>
      <input_file id="fl-22">
         <path>C:\ti\ccs1250\xdctools_3_25_06_96\packages\ti\targets\arm\rtsarm\lib\</path>
         <kind>archive</kind>
         <file>ti.targets.arm.rtsarm.aem4f</file>
         <name>Gate.oem4f</name>
      </input_file>
      <input_file id="fl-23">
         <path>C:\ti\ccs1250\xdctools_3_25_06_96\packages\ti\targets\arm\rtsarm\lib\</path>
         <kind>archive</kind>
         <file>ti.targets.arm.rtsarm.aem4f</file>
         <name>GateNull.oem4f</name>
      </input_file>
      <input_file id="fl-24">
         <path>C:\ti\ccs1250\xdctools_3_25_06_96\packages\ti\targets\arm\rtsarm\lib\</path>
         <kind>archive</kind>
         <file>ti.targets.arm.rtsarm.aem4f</file>
         <name>HeapStd.oem4f</name>
      </input_file>
      <input_file id="fl-25">
         <path>C:\ti\ccs1250\xdctools_3_25_06_96\packages\ti\targets\arm\rtsarm\lib\</path>
         <kind>archive</kind>
         <file>ti.targets.arm.rtsarm.aem4f</file>
         <name>Log.oem4f</name>
      </input_file>
      <input_file id="fl-26">
         <path>C:\ti\ccs1250\xdctools_3_25_06_96\packages\ti\targets\arm\rtsarm\lib\</path>
         <kind>archive</kind>
         <file>ti.targets.arm.rtsarm.aem4f</file>
         <name>Memory.oem4f</name>
      </input_file>
      <input_file id="fl-27">
         <path>C:\ti\ccs1250\xdctools_3_25_06_96\packages\ti\targets\arm\rtsarm\lib\</path>
         <kind>archive</kind>
         <file>ti.targets.arm.rtsarm.aem4f</file>
         <name>Registry.oem4f</name>
      </input_file>
      <input_file id="fl-28">
         <path>C:\ti\ccs1250\xdctools_3_25_06_96\packages\ti\targets\arm\rtsarm\lib\</path>
         <kind>archive</kind>
         <file>ti.targets.arm.rtsarm.aem4f</file>
         <name>Startup.oem4f</name>
      </input_file>
      <input_file id="fl-29">
         <path>C:\ti\ccs1250\xdctools_3_25_06_96\packages\ti\targets\arm\rtsarm\lib\</path>
         <kind>archive</kind>
         <file>ti.targets.arm.rtsarm.aem4f</file>
         <name>System.oem4f</name>
      </input_file>
      <input_file id="fl-2a">
         <path>C:\ti\ccs1250\xdctools_3_25_06_96\packages\ti\targets\arm\rtsarm\lib\</path>
         <kind>archive</kind>
         <file>ti.targets.arm.rtsarm.aem4f</file>
         <name>SysMin.oem4f</name>
      </input_file>
      <input_file id="fl-2b">
         <path>C:\ti\ccs1250\xdctools_3_25_06_96\packages\ti\targets\arm\rtsarm\lib\</path>
         <kind>archive</kind>
         <file>ti.targets.arm.rtsarm.aem4f</file>
         <name>Text.oem4f</name>
      </input_file>
      <input_file id="fl-2c">
         <path>C:\ti\ccs1250\xdctools_3_25_06_96\packages\ti\targets\arm\rtsarm\lib\</path>
         <kind>archive</kind>
         <file>ti.targets.arm.rtsarm.aem4f</file>
         <name>xdc_noinit.oem4f</name>
      </input_file>
      <input_file id="fl-2d">
         <path>C:\ti\ccs1250\xdctools_3_25_06_96\packages\ti\targets\arm\rtsarm\lib\</path>
         <kind>archive</kind>
         <file>boot.aem4f</file>
         <name>boot.oem4f</name>
      </input_file>
      <input_file id="fl-2e">
         <path>C:\ti\ccs1250\xdctools_3_25_06_96\packages\ti\targets\arm\rtsarm\lib\</path>
         <kind>archive</kind>
         <file>auto_init.aem4f</file>
         <name>auto_init.oem4f</name>
      </input_file>
      <input_file id="fl-e4">
         <path>C:\ti\ccs1250\ccs\tools\compiler\ti-cgt-arm_20.2.7.LTS\lib\</path>
         <kind>archive</kind>
         <file>rtsv7M4_T_le_v4SPD16_eabi.lib</file>
         <name>dtor_list.c.obj</name>
      </input_file>
      <input_file id="fl-e5">
         <path>C:\ti\ccs1250\ccs\tools\compiler\ti-cgt-arm_20.2.7.LTS\lib\</path>
         <kind>archive</kind>
         <file>rtsv7M4_T_le_v4SPD16_eabi.lib</file>
         <name>memcpy_t2.asm.obj</name>
      </input_file>
      <input_file id="fl-e6">
         <path>C:\ti\ccs1250\ccs\tools\compiler\ti-cgt-arm_20.2.7.LTS\lib\</path>
         <kind>archive</kind>
         <file>rtsv7M4_T_le_v4SPD16_eabi.lib</file>
         <name>memset_t2.asm.obj</name>
      </input_file>
      <input_file id="fl-e7">
         <path>C:\ti\ccs1250\ccs\tools\compiler\ti-cgt-arm_20.2.7.LTS\lib\</path>
         <kind>archive</kind>
         <file>rtsv7M4_T_le_v4SPD16_eabi.lib</file>
         <name>stkdepth_vars.c.obj</name>
      </input_file>
      <input_file id="fl-e8">
         <path>C:\ti\ccs1250\ccs\tools\compiler\ti-cgt-arm_20.2.7.LTS\lib\</path>
         <kind>archive</kind>
         <file>rtsv7M4_T_le_v4SPD16_eabi.lib</file>
         <name>cpy_tbl.c.obj</name>
      </input_file>
      <input_file id="fl-e9">
         <path>C:\ti\ccs1250\ccs\tools\compiler\ti-cgt-arm_20.2.7.LTS\lib\</path>
         <kind>archive</kind>
         <file>rtsv7M4_T_le_v4SPD16_eabi.lib</file>
         <name>copy_zero_init.c.obj</name>
      </input_file>
      <input_file id="fl-ea">
         <path>C:\ti\ccs1250\ccs\tools\compiler\ti-cgt-arm_20.2.7.LTS\lib\</path>
         <kind>archive</kind>
         <file>rtsv7M4_T_le_v4SPD16_eabi.lib</file>
         <name>copy_decompress_none.c.obj</name>
      </input_file>
      <input_file id="fl-eb">
         <path>C:\ti\ccs1250\ccs\tools\compiler\ti-cgt-arm_20.2.7.LTS\lib\</path>
         <kind>archive</kind>
         <file>rtsv7M4_T_le_v4SPD16_eabi.lib</file>
         <name>copy_decompress_lzss.c.obj</name>
      </input_file>
      <input_file id="fl-ec">
         <path>C:\ti\ccs1250\ccs\tools\compiler\ti-cgt-arm_20.2.7.LTS\lib\</path>
         <kind>archive</kind>
         <file>rtsv7M4_T_le_v4SPD16_eabi.lib</file>
         <name>exit.c.obj</name>
      </input_file>
      <input_file id="fl-ed">
         <path>C:\ti\ccs1250\ccs\tools\compiler\ti-cgt-arm_20.2.7.LTS\lib\</path>
         <kind>archive</kind>
         <file>rtsv7M4_T_le_v4SPD16_eabi.lib</file>
         <name>_lock.c.obj</name>
      </input_file>
      <input_file id="fl-ee">
         <path>C:\ti\ccs1250\ccs\tools\compiler\ti-cgt-arm_20.2.7.LTS\lib\</path>
         <kind>archive</kind>
         <file>rtsv7M4_T_le_v4SPD16_eabi.lib</file>
         <name>args_main.c.obj</name>
      </input_file>
      <input_file id="fl-ef">
         <path>C:\ti\ccs1250\ccs\tools\compiler\ti-cgt-arm_20.2.7.LTS\lib\</path>
         <kind>archive</kind>
         <file>rtsv7M4_T_le_v4SPD16_eabi.lib</file>
         <name>memory.c.obj</name>
      </input_file>
      <input_file id="fl-f0">
         <path>C:\ti\ccs1250\ccs\tools\compiler\ti-cgt-arm_20.2.7.LTS\lib\</path>
         <kind>archive</kind>
         <file>rtsv7M4_T_le_v4SPD16_eabi.lib</file>
         <name>strcmp.c.obj</name>
      </input_file>
      <input_file id="fl-f1">
         <path>C:\ti\ccs1250\ccs\tools\compiler\ti-cgt-arm_20.2.7.LTS\lib\</path>
         <kind>archive</kind>
         <file>rtsv7M4_T_le_v4SPD16_eabi.lib</file>
         <name>strlen.c.obj</name>
      </input_file>
      <input_file id="fl-f2">
         <path>C:\ti\ccs1250\ccs\tools\compiler\ti-cgt-arm_20.2.7.LTS\lib\</path>
         <kind>archive</kind>
         <file>rtsv7M4_T_le_v4SPD16_eabi.lib</file>
         <name>strpbrk.c.obj</name>
      </input_file>
      <input_file id="fl-f3">
         <path>C:\ti\ccs1250\ccs\tools\compiler\ti-cgt-arm_20.2.7.LTS\lib\</path>
         <kind>archive</kind>
         <file>rtsv7M4_T_le_v4SPD16_eabi.lib</file>
         <name>boot_cortex_m.c.obj</name>
      </input_file>
      <input_file id="fl-f4">
         <path>C:\ti\ccs1250\ccs\tools\compiler\ti-cgt-arm_20.2.7.LTS\lib\</path>
         <kind>archive</kind>
         <file>rtsv7M4_T_le_v4SPD16_eabi.lib</file>
         <name>hostwrite.c.obj</name>
      </input_file>
      <input_file id="fl-f5">
         <path>C:\ti\ccs1250\ccs\tools\compiler\ti-cgt-arm_20.2.7.LTS\lib\</path>
         <kind>archive</kind>
         <file>rtsv7M4_T_le_v4SPD16_eabi.lib</file>
         <name>trgmsg.c.obj</name>
      </input_file>
      <input_file id="fl-f6">
         <path>C:\ti\ccs1250\ccs\tools\compiler\ti-cgt-arm_20.2.7.LTS\lib\</path>
         <kind>archive</kind>
         <file>rtsv7M4_T_le_v4SPD16_eabi.lib</file>
         <name>pre_init.c.obj</name>
      </input_file>
      <input_file id="fl-f7">
         <path>C:\ti\ccs1250\ccs\tools\compiler\ti-cgt-arm_20.2.7.LTS\lib\</path>
         <kind>archive</kind>
         <file>rtsv7M4_T_le_v4SPD16_eabi.lib</file>
         <name>hostopen.c.obj</name>
      </input_file>
   </input_file_list>
   <object_component_list>
      <object_component id="oc-15">
         <name>.intvecs</name>
         <load_address>0x0</load_address>
         <run_address>0x0</run_address>
         <size>0x200</size>
         <input_file_ref idref="fl-5"/>
      </object_component>
      <object_component id="oc-9f">
         <name>.text</name>
         <load_address>0x200</load_address>
         <run_address>0x200</run_address>
         <size>0x1264</size>
         <input_file_ref idref="fl-b"/>
      </object_component>
      <object_component id="oc-b5">
         <name>.text</name>
         <load_address>0x1464</load_address>
         <run_address>0x1464</run_address>
         <size>0xb16</size>
         <input_file_ref idref="fl-9"/>
      </object_component>
      <object_component id="oc-2f5">
         <name>.text:_nop</name>
         <load_address>0x1f7a</load_address>
         <run_address>0x1f7a</run_address>
         <size>0x2</size>
         <input_file_ref idref="fl-ed"/>
      </object_component>
      <object_component id="oc-10a">
         <name>.text</name>
         <load_address>0x1f7c</load_address>
         <run_address>0x1f7c</run_address>
         <size>0x3e8</size>
         <input_file_ref idref="fl-3"/>
      </object_component>
      <object_component id="oc-66e">
         <name>.text:xdc_runtime_System_doPrint__I</name>
         <load_address>0x2364</load_address>
         <run_address>0x2364</run_address>
         <size>0x344</size>
         <input_file_ref idref="fl-29"/>
      </object_component>
      <object_component id="oc-21a">
         <name>.text</name>
         <load_address>0x26a8</load_address>
         <run_address>0x26a8</run_address>
         <size>0x290</size>
         <input_file_ref idref="fl-4"/>
      </object_component>
      <object_component id="oc-3a0">
         <name>.text:ti_catalog_arm_cortexm4_tiva_ce_Boot_sysCtlClockFreqSetI__I</name>
         <load_address>0x2938</load_address>
         <run_address>0x2938</run_address>
         <size>0x200</size>
         <input_file_ref idref="fl-1b"/>
      </object_component>
      <object_component id="oc-41">
         <name>.text</name>
         <load_address>0x2b38</load_address>
         <run_address>0x2b38</run_address>
         <size>0x13c</size>
         <input_file_ref idref="fl-d"/>
      </object_component>
      <object_component id="oc-3ef">
         <name>.text:xdc_runtime_Error_raiseX__F</name>
         <load_address>0x2c74</load_address>
         <run_address>0x2c74</run_address>
         <size>0x13c</size>
         <input_file_ref idref="fl-21"/>
      </object_component>
      <object_component id="oc-1be">
         <name>.text</name>
         <load_address>0x2db0</load_address>
         <run_address>0x2db0</run_address>
         <size>0x12a</size>
         <input_file_ref idref="fl-8"/>
      </object_component>
      <object_component id="oc-58f">
         <name>.text:xdc_runtime_GateNull_leave__F</name>
         <load_address>0x2eda</load_address>
         <run_address>0x2eda</run_address>
         <size>0x2</size>
         <input_file_ref idref="fl-23"/>
      </object_component>
      <object_component id="oc-57c">
         <name>.text:aligned_alloc</name>
         <load_address>0x2edc</load_address>
         <run_address>0x2edc</run_address>
         <size>0x100</size>
         <input_file_ref idref="fl-ef"/>
      </object_component>
      <object_component id="oc-322">
         <name>.text:xdc_runtime_Startup_startMods__I</name>
         <load_address>0x2fdc</load_address>
         <run_address>0x2fdc</run_address>
         <size>0xf8</size>
         <input_file_ref idref="fl-28"/>
      </object_component>
      <object_component id="oc-69b">
         <name>.text:xdc_runtime_System_printfExtend__I</name>
         <load_address>0x30d4</load_address>
         <run_address>0x30d4</run_address>
         <size>0xf8</size>
         <input_file_ref idref="fl-12"/>
      </object_component>
      <object_component id="oc-618">
         <name>.text:free</name>
         <load_address>0x31cc</load_address>
         <run_address>0x31cc</run_address>
         <size>0xe4</size>
         <input_file_ref idref="fl-ef"/>
      </object_component>
      <object_component id="oc-3c">
         <name>.text</name>
         <load_address>0x32b0</load_address>
         <run_address>0x32b0</run_address>
         <size>0xda</size>
         <input_file_ref idref="fl-e"/>
      </object_component>
      <object_component id="oc-82">
         <name>.text:xdc_runtime_Startup_reset__I</name>
         <load_address>0x338a</load_address>
         <run_address>0x338a</run_address>
         <size>0x2</size>
         <input_file_ref idref="fl-12"/>
      </object_component>
      <object_component id="oc-74">
         <name>.text</name>
         <load_address>0x338c</load_address>
         <run_address>0x338c</run_address>
         <size>0xa0</size>
         <input_file_ref idref="fl-2e"/>
      </object_component>
      <object_component id="oc-1b8">
         <name>.text</name>
         <load_address>0x342c</load_address>
         <run_address>0x342c</run_address>
         <size>0x9c</size>
         <input_file_ref idref="fl-f"/>
      </object_component>
      <object_component id="oc-5b">
         <name>.text</name>
         <load_address>0x34c8</load_address>
         <run_address>0x34c8</run_address>
         <size>0x9c</size>
         <input_file_ref idref="fl-e5"/>
      </object_component>
      <object_component id="oc-59a">
         <name>.text:xdc_runtime_Text_putSite__F</name>
         <load_address>0x3564</load_address>
         <run_address>0x3564</run_address>
         <size>0x9a</size>
         <input_file_ref idref="fl-2b"/>
      </object_component>
      <object_component id="oc-35b">
         <name>.text:ti_catalog_arm_cortexm4_tiva_ce_Boot_sysCtlClockFreqSet__E</name>
         <load_address>0x3600</load_address>
         <run_address>0x3600</run_address>
         <size>0x94</size>
         <input_file_ref idref="fl-1a"/>
      </object_component>
      <object_component id="oc-5de">
         <name>.text:xdc_runtime_Text_putMod__F</name>
         <load_address>0x3694</load_address>
         <run_address>0x3694</run_address>
         <size>0x94</size>
         <input_file_ref idref="fl-2b"/>
      </object_component>
      <object_component id="oc-47">
         <name>.text</name>
         <load_address>0x3728</load_address>
         <run_address>0x3728</run_address>
         <size>0x88</size>
         <input_file_ref idref="fl-2"/>
      </object_component>
      <object_component id="oc-f9">
         <name>.text</name>
         <load_address>0x37b0</load_address>
         <run_address>0x37b0</run_address>
         <size>0x7a</size>
         <input_file_ref idref="fl-e6"/>
      </object_component>
      <object_component id="oc-5cd">
         <name>.text:split</name>
         <load_address>0x382c</load_address>
         <run_address>0x382c</run_address>
         <size>0x70</size>
         <input_file_ref idref="fl-ef"/>
      </object_component>
      <object_component id="oc-52b">
         <name>.text:xdc_runtime_Error_print__F</name>
         <load_address>0x389c</load_address>
         <run_address>0x389c</run_address>
         <size>0x6c</size>
         <input_file_ref idref="fl-21"/>
      </object_component>
      <object_component id="oc-18">
         <name>.text:decompress:lzss:__TI_decompress_lzss</name>
         <load_address>0x3908</load_address>
         <run_address>0x3908</run_address>
         <size>0x68</size>
         <input_file_ref idref="fl-eb"/>
      </object_component>
      <object_component id="oc-6a8">
         <name>.text:xdc_runtime_Text_putLab__F</name>
         <load_address>0x3970</load_address>
         <run_address>0x3970</run_address>
         <size>0x5b</size>
         <input_file_ref idref="fl-2b"/>
      </object_component>
      <object_component id="oc-25">
         <name>.text</name>
         <load_address>0x39cc</load_address>
         <run_address>0x39cc</run_address>
         <size>0x58</size>
         <input_file_ref idref="fl-2d"/>
      </object_component>
      <object_component id="oc-5ba">
         <name>.text:HOSTwrite</name>
         <load_address>0x3a24</load_address>
         <run_address>0x3a24</run_address>
         <size>0x58</size>
         <input_file_ref idref="fl-f4"/>
      </object_component>
      <object_component id="oc-105">
         <name>.text:xdc_runtime_Startup_exec__F</name>
         <load_address>0x3a7c</load_address>
         <run_address>0x3a7c</run_address>
         <size>0x50</size>
         <input_file_ref idref="fl-28"/>
      </object_component>
      <object_component id="oc-687">
         <name>.text:xdc_runtime_System_formatNum__I</name>
         <load_address>0x3acc</load_address>
         <run_address>0x3acc</run_address>
         <size>0x50</size>
         <input_file_ref idref="fl-29"/>
      </object_component>
      <object_component id="oc-681">
         <name>.text:xdc_runtime_Text_visitRope2__I</name>
         <load_address>0x3b1c</load_address>
         <run_address>0x3b1c</run_address>
         <size>0x50</size>
         <input_file_ref idref="fl-2b"/>
      </object_component>
      <object_component id="oc-3fd">
         <name>.text:_SysCtlFrequencyGet</name>
         <load_address>0x3b6c</load_address>
         <run_address>0x3b6c</run_address>
         <size>0x4c</size>
         <input_file_ref idref="fl-1b"/>
      </object_component>
      <object_component id="oc-ff">
         <name>.text:copy_in</name>
         <load_address>0x3bb8</load_address>
         <run_address>0x3bb8</run_address>
         <size>0x4c</size>
         <input_file_ref idref="fl-e8"/>
      </object_component>
      <object_component id="oc-118">
         <name>.text:exit</name>
         <load_address>0x3c04</load_address>
         <run_address>0x3c04</run_address>
         <size>0x48</size>
         <input_file_ref idref="fl-ec"/>
      </object_component>
      <object_component id="oc-39b">
         <name>.text:xdc_runtime_Assert_raise__I</name>
         <load_address>0x3c4c</load_address>
         <run_address>0x3c4c</run_address>
         <size>0x48</size>
         <input_file_ref idref="fl-1c"/>
      </object_component>
      <object_component id="oc-45c">
         <name>.text:_Z25__add_destruction_to_listPP20a_needed_destructionPFYvPvES2_S2_</name>
         <load_address>0x3c94</load_address>
         <run_address>0x3c94</run_address>
         <size>0x44</size>
         <input_file_ref idref="fl-e4"/>
      </object_component>
      <object_component id="oc-430">
         <name>.text:xdc_runtime_SysMin_flush__F</name>
         <load_address>0x3cd8</load_address>
         <run_address>0x3cd8</run_address>
         <size>0x44</size>
         <input_file_ref idref="fl-2a"/>
      </object_component>
      <object_component id="oc-5d7">
         <name>.text:_Z23__finalize_destructionsPP20a_needed_destructionPv</name>
         <load_address>0x3d1c</load_address>
         <run_address>0x3d1c</run_address>
         <size>0x42</size>
         <input_file_ref idref="fl-e4"/>
      </object_component>
      <object_component id="oc-5e3">
         <name>.text:xdc_runtime_Text_xprintf__I</name>
         <load_address>0x3d5e</load_address>
         <run_address>0x3d5e</run_address>
         <size>0x3c</size>
         <input_file_ref idref="fl-2b"/>
      </object_component>
      <object_component id="oc-602">
         <name>.text:__TI_writemsg</name>
         <load_address>0x3d9c</load_address>
         <run_address>0x3d9c</run_address>
         <size>0x38</size>
         <input_file_ref idref="fl-f5"/>
      </object_component>
      <object_component id="oc-42b">
         <name>.text:xdc_runtime_SysMin_putch__F</name>
         <load_address>0x3dd4</load_address>
         <run_address>0x3dd4</run_address>
         <size>0x38</size>
         <input_file_ref idref="fl-2a"/>
      </object_component>
      <object_component id="oc-3d9">
         <name>.text:_ZN33_INTERNAL_11_dtor_list_c_14e673d611__TI_atexitEPFYvPvES0_S0_</name>
         <load_address>0x3e0c</load_address>
         <run_address>0x3e0c</run_address>
         <size>0x34</size>
         <input_file_ref idref="fl-e4"/>
      </object_component>
      <object_component id="oc-608">
         <name>.text:__TI_readmsg</name>
         <load_address>0x3e40</load_address>
         <run_address>0x3e40</run_address>
         <size>0x34</size>
         <input_file_ref idref="fl-f5"/>
      </object_component>
      <object_component id="oc-92">
         <name>.text:_c_int00_noargs:_c_int00_noargs</name>
         <load_address>0x3e74</load_address>
         <run_address>0x3e74</run_address>
         <size>0x34</size>
         <input_file_ref idref="fl-f3"/>
      </object_component>
      <object_component id="oc-3fa">
         <name>.text:_SysCtlMemTimingGet</name>
         <load_address>0x3ea8</load_address>
         <run_address>0x3ea8</run_address>
         <size>0x30</size>
         <input_file_ref idref="fl-1b"/>
      </object_component>
      <object_component id="oc-3bc">
         <name>.text:xdc_runtime_SysMin_abort__F</name>
         <load_address>0x3ed8</load_address>
         <run_address>0x3ed8</run_address>
         <size>0x30</size>
         <input_file_ref idref="fl-2a"/>
      </object_component>
      <object_component id="oc-62d">
         <name>.text:xdc_runtime_Text_printVisFxn__I</name>
         <load_address>0x3f08</load_address>
         <run_address>0x3f08</run_address>
         <size>0x2f</size>
         <input_file_ref idref="fl-2b"/>
      </object_component>
      <object_component id="oc-376">
         <name>.text:xdc_runtime_System_rtsExit__I</name>
         <load_address>0x3f38</load_address>
         <run_address>0x3f38</run_address>
         <size>0x2c</size>
         <input_file_ref idref="fl-29"/>
      </object_component>
      <object_component id="oc-68c">
         <name>.text:xdc_runtime_System_putchar__I</name>
         <load_address>0x3f64</load_address>
         <run_address>0x3f64</run_address>
         <size>0x2a</size>
         <input_file_ref idref="fl-29"/>
      </object_component>
      <object_component id="oc-5c7">
         <name>.text:free_list_insert</name>
         <load_address>0x3f90</load_address>
         <run_address>0x3f90</run_address>
         <size>0x28</size>
         <input_file_ref idref="fl-ef"/>
      </object_component>
      <object_component id="oc-63a">
         <name>.text:xdc_runtime_System_avprintf__F</name>
         <load_address>0x3fb8</load_address>
         <run_address>0x3fb8</run_address>
         <size>0x26</size>
         <input_file_ref idref="fl-29"/>
      </object_component>
      <object_component id="oc-63f">
         <name>.text:xdc_runtime_System_vprintf__F</name>
         <load_address>0x3fde</load_address>
         <run_address>0x3fde</run_address>
         <size>0x24</size>
         <input_file_ref idref="fl-29"/>
      </object_component>
      <object_component id="oc-570">
         <name>.text:xdc_runtime_SysMin_output__I</name>
         <load_address>0x4002</load_address>
         <run_address>0x4002</run_address>
         <size>0x22</size>
         <input_file_ref idref="fl-12"/>
      </object_component>
      <object_component id="oc-61f">
         <name>.text:xdc_runtime_Registry_findById__F</name>
         <load_address>0x4024</load_address>
         <run_address>0x4024</run_address>
         <size>0x20</size>
         <input_file_ref idref="fl-27"/>
      </object_component>
      <object_component id="oc-442">
         <name>.text:xdc_runtime_SysMin_Module_startup__F</name>
         <load_address>0x4044</load_address>
         <run_address>0x4044</run_address>
         <size>0x20</size>
         <input_file_ref idref="fl-2a"/>
      </object_component>
      <object_component id="oc-5c1">
         <name>.text:free_list_remove</name>
         <load_address>0x4064</load_address>
         <run_address>0x4064</run_address>
         <size>0x1c</size>
         <input_file_ref idref="fl-ef"/>
      </object_component>
      <object_component id="oc-3e2">
         <name>.text:xdc_runtime_SysMin_exit__F</name>
         <load_address>0x4080</load_address>
         <run_address>0x4080</run_address>
         <size>0x1c</size>
         <input_file_ref idref="fl-2a"/>
      </object_component>
      <object_component id="oc-59f">
         <name>.text:xdc_runtime_System_aprintf__E</name>
         <load_address>0x409c</load_address>
         <run_address>0x409c</run_address>
         <size>0x1a</size>
         <input_file_ref idref="fl-12"/>
      </object_component>
      <object_component id="oc-5a5">
         <name>.text:xdc_runtime_System_printf__E</name>
         <load_address>0x40b6</load_address>
         <run_address>0x40b6</run_address>
         <size>0x1a</size>
         <input_file_ref idref="fl-12"/>
      </object_component>
      <object_component id="oc-78">
         <name>.text:_args_main</name>
         <load_address>0x40d0</load_address>
         <run_address>0x40d0</run_address>
         <size>0x18</size>
         <input_file_ref idref="fl-ee"/>
      </object_component>
      <object_component id="oc-210">
         <name>.text:strcmp</name>
         <load_address>0x40e8</load_address>
         <run_address>0x40e8</run_address>
         <size>0x18</size>
         <input_file_ref idref="fl-f0"/>
      </object_component>
      <object_component id="oc-3ea">
         <name>.text:xdc_runtime_Text_ropeText__F</name>
         <load_address>0x4100</load_address>
         <run_address>0x4100</run_address>
         <size>0x18</size>
         <input_file_ref idref="fl-2b"/>
      </object_component>
      <object_component id="oc-5e8">
         <name>.text:strlen</name>
         <load_address>0x4118</load_address>
         <run_address>0x4118</run_address>
         <size>0x14</size>
         <input_file_ref idref="fl-f1"/>
      </object_component>
      <object_component id="oc-35f">
         <name>.text:xdc_runtime_System_abort__F</name>
         <load_address>0x412c</load_address>
         <run_address>0x412c</run_address>
         <size>0x14</size>
         <input_file_ref idref="fl-29"/>
      </object_component>
      <object_component id="oc-31a">
         <name>.text:.bootCodeSection:ti_catalog_arm_cortexm4_tiva_ce_Boot_init__I</name>
         <load_address>0x4140</load_address>
         <run_address>0x4140</run_address>
         <size>0x10</size>
         <input_file_ref idref="fl-12"/>
      </object_component>
      <object_component id="oc-48b">
         <name>.text:xdc_runtime_Gate_leaveSystem__F</name>
         <load_address>0x4150</load_address>
         <run_address>0x4150</run_address>
         <size>0x10</size>
         <input_file_ref idref="fl-22"/>
      </object_component>
      <object_component id="oc-669">
         <name>.text:xdc_runtime_SysMin_ready__F</name>
         <load_address>0x4160</load_address>
         <run_address>0x4160</run_address>
         <size>0x10</size>
         <input_file_ref idref="fl-2a"/>
      </object_component>
      <object_component id="oc-661">
         <name>.text:xdc_runtime_System_vsnprintf__F</name>
         <load_address>0x4170</load_address>
         <run_address>0x4170</run_address>
         <size>0x10</size>
         <input_file_ref idref="fl-29"/>
      </object_component>
      <object_component id="oc-659">
         <name>.text:xdc_runtime_Text_visitRope__I</name>
         <load_address>0x4180</load_address>
         <run_address>0x4180</run_address>
         <size>0x10</size>
         <input_file_ref idref="fl-12"/>
      </object_component>
      <object_component id="oc-370">
         <name>.text:atexit</name>
         <load_address>0x4190</load_address>
         <run_address>0x4190</run_address>
         <size>0xe</size>
         <input_file_ref idref="fl-e4"/>
      </object_component>
      <object_component id="oc-1e">
         <name>.text:decompress:none:__TI_decompress_none</name>
         <load_address>0x419e</load_address>
         <run_address>0x419e</run_address>
         <size>0xe</size>
         <input_file_ref idref="fl-ea"/>
      </object_component>
      <object_component id="oc-583">
         <name>.text:__cxa_finalize</name>
         <load_address>0x41ac</load_address>
         <run_address>0x41ac</run_address>
         <size>0xc</size>
         <input_file_ref idref="fl-e4"/>
      </object_component>
      <object_component id="oc-6d">
         <name>.text:decompress:ZI:__TI_zero_init</name>
         <load_address>0x41b8</load_address>
         <run_address>0x41b8</run_address>
         <size>0xc</size>
         <input_file_ref idref="fl-e9"/>
      </object_component>
      <object_component id="oc-36">
         <name>.text</name>
         <load_address>0x41c4</load_address>
         <run_address>0x41c4</run_address>
         <size>0xc</size>
         <input_file_ref idref="fl-5"/>
      </object_component>
      <object_component id="oc-486">
         <name>.text:xdc_runtime_Error_init__F</name>
         <load_address>0x41d0</load_address>
         <run_address>0x41d0</run_address>
         <size>0xc</size>
         <input_file_ref idref="fl-21"/>
      </object_component>
      <object_component id="oc-3b7">
         <name>.text:xdc_runtime_Gate_enterSystem__F</name>
         <load_address>0x41dc</load_address>
         <run_address>0x41dc</run_address>
         <size>0xc</size>
         <input_file_ref idref="fl-22"/>
      </object_component>
      <object_component id="oc-2c4">
         <name>.text:xdc_runtime_Startup_exec__I</name>
         <load_address>0x41e8</load_address>
         <run_address>0x41e8</run_address>
         <size>0xc</size>
         <input_file_ref idref="fl-12"/>
      </object_component>
      <object_component id="oc-328">
         <name>.text:xdc_runtime_System_lastFxn__I</name>
         <load_address>0x41f4</load_address>
         <run_address>0x41f4</run_address>
         <size>0xc</size>
         <input_file_ref idref="fl-29"/>
      </object_component>
      <object_component id="oc-4f7">
         <name>.text:malloc</name>
         <load_address>0x4200</load_address>
         <run_address>0x4200</run_address>
         <size>0x8</size>
         <input_file_ref idref="fl-ef"/>
      </object_component>
      <object_component id="oc-4fd">
         <name>.text:__cxa_ia64_exit</name>
         <load_address>0x4208</load_address>
         <run_address>0x4208</run_address>
         <size>0x6</size>
         <input_file_ref idref="fl-e4"/>
      </object_component>
      <object_component id="oc-43d">
         <name>.text:xdc_runtime_System_Module_startup__F</name>
         <load_address>0x420e</load_address>
         <run_address>0x420e</run_address>
         <size>0x6</size>
         <input_file_ref idref="fl-29"/>
      </object_component>
      <object_component id="oc-1a7">
         <name>.text:_system_pre_init</name>
         <load_address>0x4214</load_address>
         <run_address>0x4214</run_address>
         <size>0x4</size>
         <input_file_ref idref="fl-f6"/>
      </object_component>
      <object_component id="oc-112">
         <name>.text:abort:abort</name>
         <load_address>0x4218</load_address>
         <run_address>0x4218</run_address>
         <size>0x4</size>
         <input_file_ref idref="fl-ec"/>
      </object_component>
      <object_component id="oc-595">
         <name>.text:xdc_runtime_Error_getSite__F</name>
         <load_address>0x421c</load_address>
         <run_address>0x421c</run_address>
         <size>0x4</size>
         <input_file_ref idref="fl-21"/>
      </object_component>
      <object_component id="oc-4da">
         <name>.text:xdc_runtime_GateNull_enter__F</name>
         <load_address>0x4220</load_address>
         <run_address>0x4220</run_address>
         <size>0x4</size>
         <input_file_ref idref="fl-23"/>
      </object_component>
      <object_component id="oc-422">
         <name>.text:xdc_runtime_System_Module_GateProxy_enter__E</name>
         <load_address>0x4224</load_address>
         <run_address>0x4224</run_address>
         <size>0x4</size>
         <input_file_ref idref="fl-12"/>
      </object_component>
      <object_component id="oc-515">
         <name>.text:xdc_runtime_System_Module_GateProxy_leave__E</name>
         <load_address>0x4228</load_address>
         <run_address>0x4228</run_address>
         <size>0x4</size>
         <input_file_ref idref="fl-12"/>
      </object_component>
      <object_component id="oc-5ee">
         <name>.text:xdc_runtime_System_aprintf_va__F</name>
         <load_address>0x422c</load_address>
         <run_address>0x422c</run_address>
         <size>0x4</size>
         <input_file_ref idref="fl-29"/>
      </object_component>
      <object_component id="oc-5f4">
         <name>.text:xdc_runtime_System_printf_va__F</name>
         <load_address>0x4230</load_address>
         <run_address>0x4230</run_address>
         <size>0x4</size>
         <input_file_ref idref="fl-29"/>
      </object_component>
      <object_component id="oc-632">
         <name>.text:xdc_runtime_System_vsnprintf__E</name>
         <load_address>0x4234</load_address>
         <run_address>0x4234</run_address>
         <size>0x4</size>
         <input_file_ref idref="fl-12"/>
      </object_component>
      <object_component id="oc-508">
         <name>.const:xdc_runtime_Text_charTab__A</name>
         <load_address>0x4238</load_address>
         <run_address>0x4238</run_address>
         <size>0x473</size>
         <input_file_ref idref="fl-12"/>
      </object_component>
      <object_component id="oc-4ae">
         <name>.const:xdc_runtime_Error_policy__C</name>
         <load_address>0x46ab</load_address>
         <run_address>0x46ab</run_address>
         <size>0x1</size>
         <input_file_ref idref="fl-12"/>
      </object_component>
      <object_component id="oc-402">
         <name>.const:g_pppui32XTALtoVCO</name>
         <load_address>0x46ac</load_address>
         <run_address>0x46ac</run_address>
         <size>0x120</size>
         <input_file_ref idref="fl-1b"/>
      </object_component>
      <object_component id="oc-400">
         <name>.const:g_pui32Xtals</name>
         <load_address>0x47cc</load_address>
         <run_address>0x47cc</run_address>
         <size>0x6c</size>
         <input_file_ref idref="fl-1b"/>
      </object_component>
      <object_component id="oc-6a3">
         <name>.const:xdc_runtime_Text_nodeTab__A</name>
         <load_address>0x4838</load_address>
         <run_address>0x4838</run_address>
         <size>0x60</size>
         <input_file_ref idref="fl-12"/>
      </object_component>
      <object_component id="oc-4b5">
         <name>.const:g_sXTALtoMEMTIM</name>
         <load_address>0x4898</load_address>
         <run_address>0x4898</run_address>
         <size>0x30</size>
         <input_file_ref idref="fl-1b"/>
      </object_component>
      <object_component id="oc-697">
         <name>.const</name>
         <load_address>0x48c8</load_address>
         <run_address>0x48c8</run_address>
         <size>0x11</size>
         <input_file_ref idref="fl-29"/>
      </object_component>
      <object_component id="oc-3af">
         <name>.const:ti_catalog_arm_cortexm4_tiva_ce_Boot_Module__id__C</name>
         <load_address>0x48da</load_address>
         <run_address>0x48da</run_address>
         <size>0x2</size>
         <input_file_ref idref="fl-12"/>
      </object_component>
      <object_component id="oc-404">
         <name>.const</name>
         <load_address>0x48dc</load_address>
         <run_address>0x48dc</run_address>
         <size>0x8</size>
         <input_file_ref idref="fl-1b"/>
      </object_component>
      <object_component id="oc-200">
         <name>.const:xdc_runtime_Startup_firstFxns__C</name>
         <load_address>0x48e4</load_address>
         <run_address>0x48e4</run_address>
         <size>0x8</size>
         <input_file_ref idref="fl-12"/>
      </object_component>
      <object_component id="oc-206">
         <name>.const:xdc_runtime_Startup_lastFxns__C</name>
         <load_address>0x48ec</load_address>
         <run_address>0x48ec</run_address>
         <size>0x8</size>
         <input_file_ref idref="fl-12"/>
      </object_component>
      <object_component id="oc-3c6">
         <name>.const:xdc_runtime_Startup_sfxnTab__A</name>
         <load_address>0x48f4</load_address>
         <run_address>0x48f4</run_address>
         <size>0x8</size>
         <input_file_ref idref="fl-12"/>
      </object_component>
      <object_component id="oc-9c">
         <name>.const</name>
         <load_address>0x48fc</load_address>
         <run_address>0x48fc</run_address>
         <size>0x4</size>
         <input_file_ref idref="fl-d"/>
      </object_component>
      <object_component id="oc-3a3">
         <name>.const:ti_catalog_arm_cortexm4_tiva_ce_Boot_A_mustNotUseEnhancedClockMode__C</name>
         <load_address>0x4900</load_address>
         <run_address>0x4900</run_address>
         <size>0x4</size>
         <input_file_ref idref="fl-12"/>
      </object_component>
      <object_component id="oc-3a9">
         <name>.const:ti_catalog_arm_cortexm4_tiva_ce_Boot_Module__diagsEnabled__C</name>
         <load_address>0x4904</load_address>
         <run_address>0x4904</run_address>
         <size>0x4</size>
         <input_file_ref idref="fl-12"/>
      </object_component>
      <object_component id="oc-3a6">
         <name>.const:ti_catalog_arm_cortexm4_tiva_ce_Boot_Module__diagsIncluded__C</name>
         <load_address>0x4908</load_address>
         <run_address>0x4908</run_address>
         <size>0x4</size>
         <input_file_ref idref="fl-12"/>
      </object_component>
      <object_component id="oc-3ac">
         <name>.const:ti_catalog_arm_cortexm4_tiva_ce_Boot_Module__diagsMask__C</name>
         <load_address>0x490c</load_address>
         <run_address>0x490c</run_address>
         <size>0x4</size>
         <input_file_ref idref="fl-12"/>
      </object_component>
      <object_component id="oc-3f7">
         <name>.const:xdc_runtime_Assert_E_assertFailed__C</name>
         <load_address>0x4910</load_address>
         <run_address>0x4910</run_address>
         <size>0x4</size>
         <input_file_ref idref="fl-12"/>
      </object_component>
      <object_component id="oc-499">
         <name>.const:xdc_runtime_Error_Module__diagsEnabled__C</name>
         <load_address>0x4914</load_address>
         <run_address>0x4914</run_address>
         <size>0x4</size>
         <input_file_ref idref="fl-12"/>
      </object_component>
      <object_component id="oc-496">
         <name>.const:xdc_runtime_Error_Module__diagsIncluded__C</name>
         <load_address>0x4918</load_address>
         <run_address>0x4918</run_address>
         <size>0x4</size>
         <input_file_ref idref="fl-12"/>
      </object_component>
      <object_component id="oc-49c">
         <name>.const:xdc_runtime_Error_Module__diagsMask__C</name>
         <load_address>0x491c</load_address>
         <run_address>0x491c</run_address>
         <size>0x4</size>
         <input_file_ref idref="fl-12"/>
      </object_component>
      <object_component id="oc-4a2">
         <name>.const:xdc_runtime_Error_Module__loggerFxn8__C</name>
         <load_address>0x4920</load_address>
         <run_address>0x4920</run_address>
         <size>0x4</size>
         <input_file_ref idref="fl-12"/>
      </object_component>
      <object_component id="oc-49f">
         <name>.const:xdc_runtime_Error_Module__loggerObj__C</name>
         <load_address>0x4924</load_address>
         <run_address>0x4924</run_address>
         <size>0x4</size>
         <input_file_ref idref="fl-12"/>
      </object_component>
      <object_component id="oc-4a8">
         <name>.const:xdc_runtime_Error_raiseHook__C</name>
         <load_address>0x4928</load_address>
         <run_address>0x4928</run_address>
         <size>0x4</size>
         <input_file_ref idref="fl-12"/>
      </object_component>
      <object_component id="oc-490">
         <name>.const:xdc_runtime_Log_L_error__C</name>
         <load_address>0x492c</load_address>
         <run_address>0x492c</run_address>
         <size>0x4</size>
         <input_file_ref idref="fl-12"/>
      </object_component>
      <object_component id="oc-203">
         <name>.const:xdc_runtime_Startup_execImpl__C</name>
         <load_address>0x4930</load_address>
         <run_address>0x4930</run_address>
         <size>0x4</size>
         <input_file_ref idref="fl-12"/>
      </object_component>
      <object_component id="oc-2bf">
         <name>.const:xdc_runtime_Startup_firstFxns__A</name>
         <load_address>0x4934</load_address>
         <run_address>0x4934</run_address>
         <size>0x4</size>
         <input_file_ref idref="fl-12"/>
      </object_component>
      <object_component id="oc-2cc">
         <name>.const:xdc_runtime_Startup_lastFxns__A</name>
         <load_address>0x4938</load_address>
         <run_address>0x4938</run_address>
         <size>0x4</size>
         <input_file_ref idref="fl-12"/>
      </object_component>
      <object_component id="oc-36a">
         <name>.const:xdc_runtime_Startup_maxPasses__C</name>
         <load_address>0x493c</load_address>
         <run_address>0x493c</run_address>
         <size>0x4</size>
         <input_file_ref idref="fl-12"/>
      </object_component>
      <object_component id="oc-3c1">
         <name>.const:xdc_runtime_Startup_sfxnRts__A</name>
         <load_address>0x4940</load_address>
         <run_address>0x4940</run_address>
         <size>0x4</size>
         <input_file_ref idref="fl-12"/>
      </object_component>
      <object_component id="oc-364">
         <name>.const:xdc_runtime_Startup_sfxnRts__C</name>
         <load_address>0x4944</load_address>
         <run_address>0x4944</run_address>
         <size>0x4</size>
         <input_file_ref idref="fl-12"/>
      </object_component>
      <object_component id="oc-367">
         <name>.const:xdc_runtime_Startup_sfxnTab__C</name>
         <load_address>0x4948</load_address>
         <run_address>0x4948</run_address>
         <size>0x4</size>
         <input_file_ref idref="fl-12"/>
      </object_component>
      <object_component id="oc-435">
         <name>.const:xdc_runtime_SysMin_bufSize__C</name>
         <load_address>0x494c</load_address>
         <run_address>0x494c</run_address>
         <size>0x4</size>
         <input_file_ref idref="fl-12"/>
      </object_component>
      <object_component id="oc-4e8">
         <name>.const:xdc_runtime_SysMin_outputFunc__C</name>
         <load_address>0x4950</load_address>
         <run_address>0x4950</run_address>
         <size>0x4</size>
         <input_file_ref idref="fl-12"/>
      </object_component>
      <object_component id="oc-428">
         <name>.const:xdc_runtime_System_Module__gateObj__C</name>
         <load_address>0x4954</load_address>
         <run_address>0x4954</run_address>
         <size>0x4</size>
         <input_file_ref idref="fl-12"/>
      </object_component>
      <object_component id="oc-691">
         <name>.const:xdc_runtime_System_extendFxn__C</name>
         <load_address>0x4958</load_address>
         <run_address>0x4958</run_address>
         <size>0x4</size>
         <input_file_ref idref="fl-12"/>
      </object_component>
      <object_component id="oc-47c">
         <name>.const:xdc_runtime_Text_charTab__C</name>
         <load_address>0x495c</load_address>
         <run_address>0x495c</run_address>
         <size>0x4</size>
         <input_file_ref idref="fl-12"/>
      </object_component>
      <object_component id="oc-694">
         <name>.const:xdc_runtime_Text_nodeTab__C</name>
         <load_address>0x4960</load_address>
         <run_address>0x4960</run_address>
         <size>0x4</size>
         <input_file_ref idref="fl-12"/>
      </object_component>
      <object_component id="oc-62a">
         <name>.const:xdc_runtime_Text_visitRopeFxn__C</name>
         <load_address>0x4964</load_address>
         <run_address>0x4964</run_address>
         <size>0x4</size>
         <input_file_ref idref="fl-12"/>
      </object_component>
      <object_component id="oc-493">
         <name>.const:xdc_runtime_Error_Module__loggerDefined__C</name>
         <load_address>0x4968</load_address>
         <run_address>0x4968</run_address>
         <size>0x2</size>
         <input_file_ref idref="fl-12"/>
      </object_component>
      <object_component id="oc-4ab">
         <name>.const:xdc_runtime_Error_maxDepth__C</name>
         <load_address>0x496a</load_address>
         <run_address>0x496a</run_address>
         <size>0x2</size>
         <input_file_ref idref="fl-12"/>
      </object_component>
      <object_component id="oc-438">
         <name>.const:xdc_runtime_SysMin_flushAtExit__C</name>
         <load_address>0x496c</load_address>
         <run_address>0x496c</run_address>
         <size>0x2</size>
         <input_file_ref idref="fl-12"/>
      </object_component>
      <object_component id="oc-3f4">
         <name>.const:xdc_runtime_Text_isLoaded__C</name>
         <load_address>0x496e</load_address>
         <run_address>0x496e</run_address>
         <size>0x2</size>
         <input_file_ref idref="fl-12"/>
      </object_component>
      <object_component id="oc-624">
         <name>.const:xdc_runtime_Text_registryModsLastId__C</name>
         <load_address>0x4970</load_address>
         <run_address>0x4970</run_address>
         <size>0x2</size>
         <input_file_ref idref="fl-12"/>
      </object_component>
      <object_component id="oc-627">
         <name>.const:xdc_runtime_Text_unnamedModsLastId__C</name>
         <load_address>0x4972</load_address>
         <run_address>0x4972</run_address>
         <size>0x2</size>
         <input_file_ref idref="fl-12"/>
      </object_component>
      <object_component id="oc-6d9">
         <name>.cinit..data.load</name>
         <load_address>0x4b78</load_address>
         <run_address>0x4b78</run_address>
         <size>0x1b</size>
      </object_component>
      <object_component id="oc-6d7">
         <name>__TI_handler_table</name>
         <load_address>0x4b94</load_address>
         <run_address>0x4b94</run_address>
         <size>0xc</size>
      </object_component>
      <object_component id="oc-6da">
         <name>.cinit..bss.load</name>
         <load_address>0x4ba0</load_address>
         <run_address>0x4ba0</run_address>
         <size>0x8</size>
      </object_component>
      <object_component id="oc-6d8">
         <name>__TI_cinit_table</name>
         <load_address>0x4ba8</load_address>
         <run_address>0x4ba8</run_address>
         <size>0x10</size>
      </object_component>
      <object_component id="oc-221">
         <name>.data</name>
         <load_address>0x20004714</load_address>
         <run_address>0x20004714</run_address>
         <size>0x4</size>
         <input_file_ref idref="fl-3"/>
      </object_component>
      <object_component id="oc-99">
         <name>.data</name>
         <load_address>0x20004678</load_address>
         <run_address>0x20004678</run_address>
         <size>0x30</size>
         <input_file_ref idref="fl-b"/>
      </object_component>
      <object_component id="oc-a6">
         <name>.data</name>
         <load_address>0x20004718</load_address>
         <run_address>0x20004718</run_address>
         <size>0x4</size>
         <input_file_ref idref="fl-d"/>
      </object_component>
      <object_component id="oc-293">
         <name>.data</name>
         <load_address>0x200046fc</load_address>
         <run_address>0x200046fc</run_address>
         <size>0x8</size>
         <input_file_ref idref="fl-f"/>
      </object_component>
      <object_component id="oc-4a5">
         <name>.data:xdc_runtime_Error_Module__state__V</name>
         <load_address>0x20004724</load_address>
         <run_address>0x20004724</run_address>
         <size>0x2</size>
         <input_file_ref idref="fl-12"/>
      </object_component>
      <object_component id="oc-64f">
         <name>.data:xdc_runtime_Registry_Module__state__V</name>
         <load_address>0x20004704</load_address>
         <run_address>0x20004704</run_address>
         <size>0x8</size>
         <input_file_ref idref="fl-12"/>
      </object_component>
      <object_component id="oc-209">
         <name>.data:xdc_runtime_Startup_Module__state__V</name>
         <load_address>0x2000470c</load_address>
         <run_address>0x2000470c</run_address>
         <size>0x8</size>
         <input_file_ref idref="fl-12"/>
      </object_component>
      <object_component id="oc-4e2">
         <name>.data:xdc_runtime_SysMin_Module__state__V</name>
         <load_address>0x200046d4</load_address>
         <run_address>0x200046d4</run_address>
         <size>0xc</size>
         <input_file_ref idref="fl-12"/>
      </object_component>
      <object_component id="oc-477">
         <name>.data:xdc_runtime_System_Module_State_0_atexitHandlers__A</name>
         <load_address>0x200046a8</load_address>
         <run_address>0x200046a8</run_address>
         <size>0x20</size>
         <input_file_ref idref="fl-12"/>
      </object_component>
      <object_component id="oc-3e7">
         <name>.data:xdc_runtime_System_Module__state__V</name>
         <load_address>0x200046e0</load_address>
         <run_address>0x200046e0</run_address>
         <size>0xc</size>
         <input_file_ref idref="fl-12"/>
      </object_component>
      <object_component id="oc-462">
         <name>.data</name>
         <load_address>0x2000471c</load_address>
         <run_address>0x2000471c</run_address>
         <size>0x4</size>
         <input_file_ref idref="fl-e4"/>
      </object_component>
      <object_component id="oc-7f">
         <name>.data</name>
         <load_address>0x20004720</load_address>
         <run_address>0x20004720</run_address>
         <size>0x4</size>
         <input_file_ref idref="fl-e7"/>
      </object_component>
      <object_component id="oc-237">
         <name>.data:$O1$$</name>
         <load_address>0x200046c8</load_address>
         <run_address>0x200046c8</run_address>
         <size>0xc</size>
         <input_file_ref idref="fl-ec"/>
      </object_component>
      <object_component id="oc-23a">
         <name>.data:$O1$$</name>
         <load_address>0x200046ec</load_address>
         <run_address>0x200046ec</run_address>
         <size>0x8</size>
         <input_file_ref idref="fl-ed"/>
      </object_component>
      <object_component id="oc-5d3">
         <name>.data:$O1$$</name>
         <load_address>0x200046f4</load_address>
         <run_address>0x200046f4</run_address>
         <size>0x8</size>
         <input_file_ref idref="fl-ef"/>
      </object_component>
      <object_component id="oc-bb">
         <name>.bss</name>
         <uninitialized>true</uninitialized>
         <run_address>0x20002658</run_address>
         <size>0xc</size>
         <input_file_ref idref="fl-2"/>
      </object_component>
      <object_component id="oc-1c4">
         <name>.bss:pxReadyTasksLists</name>
         <uninitialized>true</uninitialized>
         <run_address>0x20002520</run_address>
         <size>0xa0</size>
         <input_file_ref idref="fl-b"/>
      </object_component>
      <object_component id="oc-1d0">
         <name>.bss:xDelayedTaskList1</name>
         <uninitialized>true</uninitialized>
         <run_address>0x200025f8</run_address>
         <size>0x14</size>
         <input_file_ref idref="fl-b"/>
      </object_component>
      <object_component id="oc-1d3">
         <name>.bss:xDelayedTaskList2</name>
         <uninitialized>true</uninitialized>
         <run_address>0x2000260c</run_address>
         <size>0x14</size>
         <input_file_ref idref="fl-b"/>
      </object_component>
      <object_component id="oc-1cd">
         <name>.bss</name>
         <uninitialized>true</uninitialized>
         <run_address>0x20002664</run_address>
         <size>0x8</size>
         <input_file_ref idref="fl-b"/>
      </object_component>
      <object_component id="oc-1ca">
         <name>.bss:xPendingReadyList</name>
         <uninitialized>true</uninitialized>
         <run_address>0x20002620</run_address>
         <size>0x14</size>
         <input_file_ref idref="fl-b"/>
      </object_component>
      <object_component id="oc-1c7">
         <name>.bss:xSuspendedTaskList</name>
         <uninitialized>true</uninitialized>
         <run_address>0x20002634</run_address>
         <size>0x14</size>
         <input_file_ref idref="fl-b"/>
      </object_component>
      <object_component id="oc-296">
         <name>.bss:ucHeap</name>
         <uninitialized>true</uninitialized>
         <run_address>0x20000000</run_address>
         <size>0x2000</size>
         <input_file_ref idref="fl-f"/>
      </object_component>
      <object_component id="oc-644">
         <name>.bss:_CIOBUF_</name>
         <uninitialized>true</uninitialized>
         <run_address>0x20002400</run_address>
         <size>0x120</size>
         <input_file_ref idref="fl-f5"/>
      </object_component>
      <object_component id="oc-216">
         <name>.common:adcTP0_</name>
         <uninitialized>true</uninitialized>
         <run_address>0x200025c0</run_address>
         <size>0x1c</size>
      </object_component>
      <object_component id="oc-219">
         <name>.common:adcTP1_</name>
         <uninitialized>true</uninitialized>
         <run_address>0x200025dc</run_address>
         <size>0x1c</size>
      </object_component>
      <object_component id="oc-220">
         <name>.common:buttonServiceTP_</name>
         <uninitialized>true</uninitialized>
         <run_address>0x20002648</run_address>
         <size>0x10</size>
      </object_component>
      <object_component id="oc-561">
         <name>.common:xdc_runtime_SysMin_Module_State_0_outbuf__A</name>
         <uninitialized>true</uninitialized>
         <run_address>0x20002000</run_address>
         <size>0x400</size>
      </object_component>
      <object_component id="oc-60e">
         <name>.common:parmbuf</name>
         <uninitialized>true</uninitialized>
         <run_address>0x2000266c</run_address>
         <size>0x8</size>
      </object_component>
      <object_component id="oc-30">
         <name>.sysmem</name>
         <uninitialized>true</uninitialized>
         <run_address>0x20003678</run_address>
         <size>0x10</size>
         <input_file_ref idref="fl-ef"/>
      </object_component>
      <object_component id="oc-6dd">
         <name>.sysmem</name>
         <uninitialized>true</uninitialized>
         <run_address>0x20003678</run_address>
         <size>0x0</size>
      </object_component>
      <object_component id="oc-2f">
         <name>.stack</name>
         <uninitialized>true</uninitialized>
         <run_address>0x20002678</run_address>
         <size>0x0</size>
         <input_file_ref idref="fl-2d"/>
      </object_component>
      <object_component id="oc-33">
         <name>.stack</name>
         <uninitialized>true</uninitialized>
         <run_address>0x20002678</run_address>
         <size>0x4</size>
         <input_file_ref idref="fl-f3"/>
      </object_component>
      <object_component id="oc-6dc">
         <name>.stack</name>
         <uninitialized>true</uninitialized>
         <run_address>0x20002678</run_address>
         <size>0x0</size>
      </object_component>
      <object_component id="oc-73">
         <name>.bootVecs</name>
         <load_address>0x0</load_address>
         <run_address>0x0</run_address>
         <size>0x8</size>
         <input_file_ref idref="fl-2d"/>
      </object_component>
      <object_component id="oc-2c">
         <name>xdc.meta</name>
         <load_address>0x0</load_address>
         <run_address>0x0</run_address>
         <size>0xd4</size>
         <input_file_ref idref="fl-12"/>
      </object_component>
      <object_component id="oc-1db">
         <name>.debug_info</name>
         <load_address>0x0</load_address>
         <run_address>0x0</run_address>
         <size>0x403</size>
         <input_file_ref idref="fl-2"/>
      </object_component>
      <object_component id="oc-bc">
         <name>.debug_info</name>
         <load_address>0x403</load_address>
         <run_address>0x403</run_address>
         <size>0x13e</size>
         <input_file_ref idref="fl-2"/>
      </object_component>
      <object_component id="oc-49">
         <name>.debug_info</name>
         <load_address>0x541</load_address>
         <run_address>0x541</run_address>
         <size>0x30b</size>
         <input_file_ref idref="fl-2"/>
      </object_component>
      <object_component id="oc-c4">
         <name>.debug_info</name>
         <load_address>0x84c</load_address>
         <run_address>0x84c</run_address>
         <size>0x315</size>
         <input_file_ref idref="fl-2"/>
      </object_component>
      <object_component id="oc-d5">
         <name>.debug_info</name>
         <load_address>0xb61</load_address>
         <run_address>0xb61</run_address>
         <size>0x26b</size>
         <input_file_ref idref="fl-2"/>
      </object_component>
      <object_component id="oc-df">
         <name>.debug_info</name>
         <load_address>0xdcc</load_address>
         <run_address>0xdcc</run_address>
         <size>0x3e3</size>
         <input_file_ref idref="fl-2"/>
      </object_component>
      <object_component id="oc-bf">
         <name>.debug_info</name>
         <load_address>0x11af</load_address>
         <run_address>0x11af</run_address>
         <size>0x4f</size>
         <input_file_ref idref="fl-2"/>
      </object_component>
      <object_component id="oc-56">
         <name>.debug_info</name>
         <load_address>0x11fe</load_address>
         <run_address>0x11fe</run_address>
         <size>0x84</size>
         <input_file_ref idref="fl-2"/>
      </object_component>
      <object_component id="oc-ab">
         <name>.debug_info</name>
         <load_address>0x1282</load_address>
         <run_address>0x1282</run_address>
         <size>0x2c</size>
         <input_file_ref idref="fl-2"/>
      </object_component>
      <object_component id="oc-1ea">
         <name>.debug_info</name>
         <load_address>0x12ae</load_address>
         <run_address>0x12ae</run_address>
         <size>0x2a4</size>
         <input_file_ref idref="fl-2"/>
      </object_component>
      <object_component id="oc-240">
         <name>.debug_info</name>
         <load_address>0x1552</load_address>
         <run_address>0x1552</run_address>
         <size>0xef</size>
         <input_file_ref idref="fl-2"/>
      </object_component>
      <object_component id="oc-c9">
         <name>.debug_info</name>
         <load_address>0x1641</load_address>
         <run_address>0x1641</run_address>
         <size>0xbb</size>
         <input_file_ref idref="fl-2"/>
      </object_component>
      <object_component id="oc-d0">
         <name>.debug_info</name>
         <load_address>0x16fc</load_address>
         <run_address>0x16fc</run_address>
         <size>0x53</size>
         <input_file_ref idref="fl-2"/>
      </object_component>
      <object_component id="oc-b0">
         <name>.debug_info</name>
         <load_address>0x174f</load_address>
         <run_address>0x174f</run_address>
         <size>0x53</size>
         <input_file_ref idref="fl-2"/>
      </object_component>
      <object_component id="oc-da">
         <name>.debug_info</name>
         <load_address>0x17a2</load_address>
         <run_address>0x17a2</run_address>
         <size>0x14c</size>
         <input_file_ref idref="fl-2"/>
      </object_component>
      <object_component id="oc-217">
         <name>.debug_info</name>
         <load_address>0x18ee</load_address>
         <run_address>0x18ee</run_address>
         <size>0x98e</size>
         <input_file_ref idref="fl-3"/>
      </object_component>
      <object_component id="oc-222">
         <name>.debug_info</name>
         <load_address>0x227c</load_address>
         <run_address>0x227c</run_address>
         <size>0xd6</size>
         <input_file_ref idref="fl-3"/>
      </object_component>
      <object_component id="oc-10b">
         <name>.debug_info</name>
         <load_address>0x2352</load_address>
         <run_address>0x2352</run_address>
         <size>0xb74</size>
         <input_file_ref idref="fl-3"/>
      </object_component>
      <object_component id="oc-225">
         <name>.debug_info</name>
         <load_address>0x2ec6</load_address>
         <run_address>0x2ec6</run_address>
         <size>0x2c</size>
         <input_file_ref idref="fl-3"/>
      </object_component>
      <object_component id="oc-22a">
         <name>.debug_info</name>
         <load_address>0x2ef2</load_address>
         <run_address>0x2ef2</run_address>
         <size>0x8b</size>
         <input_file_ref idref="fl-3"/>
      </object_component>
      <object_component id="oc-284">
         <name>.debug_info</name>
         <load_address>0x2f7d</load_address>
         <run_address>0x2f7d</run_address>
         <size>0x35</size>
         <input_file_ref idref="fl-3"/>
      </object_component>
      <object_component id="oc-2ea">
         <name>.debug_info</name>
         <load_address>0x2fb2</load_address>
         <run_address>0x2fb2</run_address>
         <size>0x117</size>
         <input_file_ref idref="fl-3"/>
      </object_component>
      <object_component id="oc-2f0">
         <name>.debug_info</name>
         <load_address>0x30c9</load_address>
         <run_address>0x30c9</run_address>
         <size>0x4e0</size>
         <input_file_ref idref="fl-4"/>
      </object_component>
      <object_component id="oc-21b">
         <name>.debug_info</name>
         <load_address>0x35a9</load_address>
         <run_address>0x35a9</run_address>
         <size>0x732</size>
         <input_file_ref idref="fl-4"/>
      </object_component>
      <object_component id="oc-4f">
         <name>.debug_info</name>
         <load_address>0x3cdb</load_address>
         <run_address>0x3cdb</run_address>
         <size>0x43d</size>
         <input_file_ref idref="fl-5"/>
      </object_component>
      <object_component id="oc-16">
         <name>.debug_info</name>
         <load_address>0x4118</load_address>
         <run_address>0x4118</run_address>
         <size>0xdb</size>
         <input_file_ref idref="fl-5"/>
      </object_component>
      <object_component id="oc-39">
         <name>.debug_info</name>
         <load_address>0x41f3</load_address>
         <run_address>0x41f3</run_address>
         <size>0x259</size>
         <input_file_ref idref="fl-5"/>
      </object_component>
      <object_component id="oc-2b2">
         <name>.debug_info</name>
         <load_address>0x444c</load_address>
         <run_address>0x444c</run_address>
         <size>0x62a</size>
         <input_file_ref idref="fl-7"/>
      </object_component>
      <object_component id="oc-1e3">
         <name>.debug_info</name>
         <load_address>0x4a76</load_address>
         <run_address>0x4a76</run_address>
         <size>0x110</size>
         <input_file_ref idref="fl-7"/>
      </object_component>
      <object_component id="oc-28e">
         <name>.debug_info</name>
         <load_address>0x4b86</load_address>
         <run_address>0x4b86</run_address>
         <size>0x3e3</size>
         <input_file_ref idref="fl-7"/>
      </object_component>
      <object_component id="oc-30b">
         <name>.debug_info</name>
         <load_address>0x4f69</load_address>
         <run_address>0x4f69</run_address>
         <size>0x62</size>
         <input_file_ref idref="fl-7"/>
      </object_component>
      <object_component id="oc-310">
         <name>.debug_info</name>
         <load_address>0x4fcb</load_address>
         <run_address>0x4fcb</run_address>
         <size>0x39</size>
         <input_file_ref idref="fl-7"/>
      </object_component>
      <object_component id="oc-27f">
         <name>.debug_info</name>
         <load_address>0x5004</load_address>
         <run_address>0x5004</run_address>
         <size>0x4f</size>
         <input_file_ref idref="fl-7"/>
      </object_component>
      <object_component id="oc-29c">
         <name>.debug_info</name>
         <load_address>0x5053</load_address>
         <run_address>0x5053</run_address>
         <size>0x35c</size>
         <input_file_ref idref="fl-8"/>
      </object_component>
      <object_component id="oc-1c0">
         <name>.debug_info</name>
         <load_address>0x53af</load_address>
         <run_address>0x53af</run_address>
         <size>0x51a</size>
         <input_file_ref idref="fl-8"/>
      </object_component>
      <object_component id="oc-1e2">
         <name>.debug_info</name>
         <load_address>0x58c9</load_address>
         <run_address>0x58c9</run_address>
         <size>0x7b6</size>
         <input_file_ref idref="fl-9"/>
      </object_component>
      <object_component id="oc-b6">
         <name>.debug_info</name>
         <load_address>0x607f</load_address>
         <run_address>0x607f</run_address>
         <size>0x2e80</size>
         <input_file_ref idref="fl-9"/>
      </object_component>
      <object_component id="oc-2ad">
         <name>.debug_info</name>
         <load_address>0x8eff</load_address>
         <run_address>0x8eff</run_address>
         <size>0x1c7</size>
         <input_file_ref idref="fl-9"/>
      </object_component>
      <object_component id="oc-1dd">
         <name>.debug_info</name>
         <load_address>0x90c6</load_address>
         <run_address>0x90c6</run_address>
         <size>0x46</size>
         <input_file_ref idref="fl-9"/>
      </object_component>
      <object_component id="oc-1f6">
         <name>.debug_info</name>
         <load_address>0x910c</load_address>
         <run_address>0x910c</run_address>
         <size>0x2c</size>
         <input_file_ref idref="fl-a"/>
      </object_component>
      <object_component id="oc-1b0">
         <name>.debug_info</name>
         <load_address>0x9138</load_address>
         <run_address>0x9138</run_address>
         <size>0x6ec</size>
         <input_file_ref idref="fl-b"/>
      </object_component>
      <object_component id="oc-9a">
         <name>.debug_info</name>
         <load_address>0x9824</load_address>
         <run_address>0x9824</run_address>
         <size>0x2f6</size>
         <input_file_ref idref="fl-b"/>
      </object_component>
      <object_component id="oc-1c5">
         <name>.debug_info</name>
         <load_address>0x9b1a</load_address>
         <run_address>0x9b1a</run_address>
         <size>0xe6</size>
         <input_file_ref idref="fl-b"/>
      </object_component>
      <object_component id="oc-1d1">
         <name>.debug_info</name>
         <load_address>0x9c00</load_address>
         <run_address>0x9c00</run_address>
         <size>0xe6</size>
         <input_file_ref idref="fl-b"/>
      </object_component>
      <object_component id="oc-1d4">
         <name>.debug_info</name>
         <load_address>0x9ce6</load_address>
         <run_address>0x9ce6</run_address>
         <size>0xe6</size>
         <input_file_ref idref="fl-b"/>
      </object_component>
      <object_component id="oc-1ce">
         <name>.debug_info</name>
         <load_address>0x9dcc</load_address>
         <run_address>0x9dcc</run_address>
         <size>0x129</size>
         <input_file_ref idref="fl-b"/>
      </object_component>
      <object_component id="oc-1cb">
         <name>.debug_info</name>
         <load_address>0x9ef5</load_address>
         <run_address>0x9ef5</run_address>
         <size>0xe6</size>
         <input_file_ref idref="fl-b"/>
      </object_component>
      <object_component id="oc-1c8">
         <name>.debug_info</name>
         <load_address>0x9fdb</load_address>
         <run_address>0x9fdb</run_address>
         <size>0xe8</size>
         <input_file_ref idref="fl-b"/>
      </object_component>
      <object_component id="oc-a0">
         <name>.debug_info</name>
         <load_address>0xa0c3</load_address>
         <run_address>0xa0c3</run_address>
         <size>0x3af6</size>
         <input_file_ref idref="fl-b"/>
      </object_component>
      <object_component id="oc-1b1">
         <name>.debug_info</name>
         <load_address>0xdbb9</load_address>
         <run_address>0xdbb9</run_address>
         <size>0x30c</size>
         <input_file_ref idref="fl-b"/>
      </object_component>
      <object_component id="oc-289">
         <name>.debug_info</name>
         <load_address>0xdec5</load_address>
         <run_address>0xdec5</run_address>
         <size>0x11a</size>
         <input_file_ref idref="fl-b"/>
      </object_component>
      <object_component id="oc-aa">
         <name>.debug_info</name>
         <load_address>0xdfdf</load_address>
         <run_address>0xdfdf</run_address>
         <size>0x3f7</size>
         <input_file_ref idref="fl-d"/>
      </object_component>
      <object_component id="oc-9d">
         <name>.debug_info</name>
         <load_address>0xe3d6</load_address>
         <run_address>0xe3d6</run_address>
         <size>0x113</size>
         <input_file_ref idref="fl-d"/>
      </object_component>
      <object_component id="oc-a7">
         <name>.debug_info</name>
         <load_address>0xe4e9</load_address>
         <run_address>0xe4e9</run_address>
         <size>0xfa</size>
         <input_file_ref idref="fl-d"/>
      </object_component>
      <object_component id="oc-44">
         <name>.debug_info</name>
         <load_address>0xe5e3</load_address>
         <run_address>0xe5e3</run_address>
         <size>0x76a</size>
         <input_file_ref idref="fl-d"/>
      </object_component>
      <object_component id="oc-3e">
         <name>.debug_info</name>
         <load_address>0xed4d</load_address>
         <run_address>0xed4d</run_address>
         <size>0x248</size>
         <input_file_ref idref="fl-e"/>
      </object_component>
      <object_component id="oc-29a">
         <name>.debug_info</name>
         <load_address>0xef95</load_address>
         <run_address>0xef95</run_address>
         <size>0x3fa</size>
         <input_file_ref idref="fl-f"/>
      </object_component>
      <object_component id="oc-297">
         <name>.debug_info</name>
         <load_address>0xf38f</load_address>
         <run_address>0xf38f</run_address>
         <size>0xe1</size>
         <input_file_ref idref="fl-f"/>
      </object_component>
      <object_component id="oc-294">
         <name>.debug_info</name>
         <load_address>0xf470</load_address>
         <run_address>0xf470</run_address>
         <size>0xef</size>
         <input_file_ref idref="fl-f"/>
      </object_component>
      <object_component id="oc-1b9">
         <name>.debug_info</name>
         <load_address>0xf55f</load_address>
         <run_address>0xf55f</run_address>
         <size>0x427</size>
         <input_file_ref idref="fl-f"/>
      </object_component>
      <object_component id="oc-8a">
         <name>.debug_info</name>
         <load_address>0xf986</load_address>
         <run_address>0xf986</run_address>
         <size>0x2c88</size>
         <input_file_ref idref="fl-12"/>
      </object_component>
      <object_component id="oc-2d">
         <name>.debug_info</name>
         <load_address>0x1260e</load_address>
         <run_address>0x1260e</run_address>
         <size>0x160</size>
         <input_file_ref idref="fl-12"/>
      </object_component>
      <object_component id="oc-3aa">
         <name>.debug_info</name>
         <load_address>0x1276e</load_address>
         <run_address>0x1276e</run_address>
         <size>0x144</size>
         <input_file_ref idref="fl-12"/>
      </object_component>
      <object_component id="oc-3a7">
         <name>.debug_info</name>
         <load_address>0x128b2</load_address>
         <run_address>0x128b2</run_address>
         <size>0x146</size>
         <input_file_ref idref="fl-12"/>
      </object_component>
      <object_component id="oc-3ad">
         <name>.debug_info</name>
         <load_address>0x129f8</load_address>
         <run_address>0x129f8</run_address>
         <size>0x13e</size>
         <input_file_ref idref="fl-12"/>
      </object_component>
      <object_component id="oc-3b0">
         <name>.debug_info</name>
         <load_address>0x12b36</load_address>
         <run_address>0x12b36</run_address>
         <size>0x130</size>
         <input_file_ref idref="fl-12"/>
      </object_component>
      <object_component id="oc-3a4">
         <name>.debug_info</name>
         <load_address>0x12c66</load_address>
         <run_address>0x12c66</run_address>
         <size>0x156</size>
         <input_file_ref idref="fl-12"/>
      </object_component>
      <object_component id="oc-3f8">
         <name>.debug_info</name>
         <load_address>0x12dbc</load_address>
         <run_address>0x12dbc</run_address>
         <size>0x114</size>
         <input_file_ref idref="fl-12"/>
      </object_component>
      <object_component id="oc-4a6">
         <name>.debug_info</name>
         <load_address>0x12ed0</load_address>
         <run_address>0x12ed0</run_address>
         <size>0x110</size>
         <input_file_ref idref="fl-12"/>
      </object_component>
      <object_component id="oc-49a">
         <name>.debug_info</name>
         <load_address>0x12fe0</load_address>
         <run_address>0x12fe0</run_address>
         <size>0x11e</size>
         <input_file_ref idref="fl-12"/>
      </object_component>
      <object_component id="oc-497">
         <name>.debug_info</name>
         <load_address>0x130fe</load_address>
         <run_address>0x130fe</run_address>
         <size>0x120</size>
         <input_file_ref idref="fl-12"/>
      </object_component>
      <object_component id="oc-49d">
[...]
         <value>0x3c4d</value>
         <object_component_ref idref="oc-39b"/>
      </symbol>
      <symbol id="sm-860">
         <name>xdc_runtime_Error_getSite__F</name>
         <value>0x421d</value>
         <object_component_ref idref="oc-595"/>
      </symbol>
      <symbol id="sm-861">
         <name>xdc_runtime_Error_raiseX__F</name>
         <value>0x2c75</value>
         <object_component_ref idref="oc-3ef"/>
      </symbol>
      <symbol id="sm-862">
         <name>xdc_runtime_Error_print__F</name>
         <value>0x389d</value>
         <object_component_ref idref="oc-52b"/>
      </symbol>
      <symbol id="sm-863">
         <name>xdc_runtime_Error_init__F</name>
         <value>0x41d1</value>
         <object_component_ref idref="oc-486"/>
      </symbol>
      <symbol id="sm-875">
         <name>xdc_runtime_Gate_leaveSystem__F</name>
         <value>0x4151</value>
         <object_component_ref idref="oc-48b"/>
      </symbol>
      <symbol id="sm-876">
         <name>xdc_runtime_Gate_enterSystem__F</name>
         <value>0x41dd</value>
         <object_component_ref idref="oc-3b7"/>
      </symbol>
      <symbol id="sm-88f">
         <name>xdc_runtime_GateNull_enter__F</name>
         <value>0x4221</value>
         <object_component_ref idref="oc-4da"/>
      </symbol>
      <symbol id="sm-890">
         <name>xdc_runtime_GateNull_leave__F</name>
         <value>0x2edb</value>
         <object_component_ref idref="oc-58f"/>
      </symbol>
      <symbol id="sm-8b1">
         <name>xdc_runtime_Registry_findById__F</name>
         <value>0x4025</value>
         <object_component_ref idref="oc-61f"/>
      </symbol>
      <symbol id="sm-904">
         <name>xdc_runtime_Startup_startMods__I</name>
         <value>0x2fdd</value>
         <object_component_ref idref="oc-322"/>
      </symbol>
      <symbol id="sm-905">
         <name>xdc_runtime_Startup_exec__F</name>
         <value>0x3a7d</value>
         <object_component_ref idref="oc-105"/>
      </symbol>
      <symbol id="sm-a31">
         <name>xdc_runtime_System_abort__F</name>
         <value>0x412d</value>
         <object_component_ref idref="oc-35f"/>
      </symbol>
      <symbol id="sm-a32">
         <name>xdc_runtime_System_avprintf__F</name>
         <value>0x3fb9</value>
         <object_component_ref idref="oc-63a"/>
      </symbol>
      <symbol id="sm-a33">
         <name>xdc_runtime_System_printf_va__F</name>
         <value>0x4231</value>
         <object_component_ref idref="oc-5f4"/>
      </symbol>
      <symbol id="sm-a34">
         <name>xdc_runtime_System_rtsExit__I</name>
         <value>0x3f39</value>
         <object_component_ref idref="oc-376"/>
      </symbol>
      <symbol id="sm-a35">
         <name>xdc_runtime_System_lastFxn__I</name>
         <value>0x41f5</value>
         <object_component_ref idref="oc-328"/>
      </symbol>
      <symbol id="sm-a36">
         <name>xdc_runtime_System_formatNum__I</name>
         <value>0x3acd</value>
         <object_component_ref idref="oc-687"/>
      </symbol>
      <symbol id="sm-a37">
         <name>xdc_runtime_System_vprintf__F</name>
         <value>0x3fdf</value>
         <object_component_ref idref="oc-63f"/>
      </symbol>
      <symbol id="sm-a38">
         <name>xdc_runtime_System_aprintf_va__F</name>
         <value>0x422d</value>
         <object_component_ref idref="oc-5ee"/>
      </symbol>
      <symbol id="sm-a39">
         <name>xdc_runtime_System_putchar__I</name>
         <value>0x3f65</value>
         <object_component_ref idref="oc-68c"/>
      </symbol>
      <symbol id="sm-a3a">
         <name>xdc_runtime_System_vsnprintf__F</name>
         <value>0x4171</value>
         <object_component_ref idref="oc-661"/>
      </symbol>
      <symbol id="sm-a3b">
         <name>xdc_runtime_System_doPrint__I</name>
         <value>0x2365</value>
         <object_component_ref idref="oc-66e"/>
      </symbol>
      <symbol id="sm-a3c">
         <name>xdc_runtime_System_Module_startup__F</name>
         <value>0x420f</value>
         <object_component_ref idref="oc-43d"/>
      </symbol>
      <symbol id="sm-a8d">
         <name>xdc_runtime_SysMin_exit__F</name>
         <value>0x4081</value>
         <object_component_ref idref="oc-3e2"/>
      </symbol>
      <symbol id="sm-a8e">
         <name>xdc_runtime_SysMin_ready__F</name>
         <value>0x4161</value>
         <object_component_ref idref="oc-669"/>
      </symbol>
      <symbol id="sm-a8f">
         <name>xdc_runtime_SysMin_flush__F</name>
         <value>0x3cd9</value>
         <object_component_ref idref="oc-430"/>
      </symbol>
      <symbol id="sm-a90">
         <name>xdc_runtime_SysMin_putch__F</name>
         <value>0x3dd5</value>
         <object_component_ref idref="oc-42b"/>
      </symbol>
      <symbol id="sm-a91">
         <name>xdc_runtime_SysMin_abort__F</name>
         <value>0x3ed9</value>
         <object_component_ref idref="oc-3bc"/>
      </symbol>
      <symbol id="sm-a92">
         <name>xdc_runtime_SysMin_Module_startup__F</name>
         <value>0x4045</value>
         <object_component_ref idref="oc-442"/>
      </symbol>
      <symbol id="sm-afc">
         <name>xdc_runtime_Text_visitRope2__I</name>
         <value>0x3b1d</value>
         <object_component_ref idref="oc-681"/>
      </symbol>
      <symbol id="sm-afd">
         <name>xdc_runtime_Text_printVisFxn__I</name>
         <value>0x3f09</value>
         <object_component_ref idref="oc-62d"/>
      </symbol>
      <symbol id="sm-afe">
         <name>xdc_runtime_Text_putSite__F</name>
         <value>0x3565</value>
         <object_component_ref idref="oc-59a"/>
      </symbol>
      <symbol id="sm-aff">
         <name>xdc_runtime_Text_putMod__F</name>
         <value>0x3695</value>
         <object_component_ref idref="oc-5de"/>
      </symbol>
      <symbol id="sm-b00">
         <name>xdc_runtime_Text_putLab__F</name>
         <value>0x3971</value>
         <object_component_ref idref="oc-6a8"/>
      </symbol>
      <symbol id="sm-b01">
         <name>xdc_runtime_Text_xprintf__I</name>
         <value>0x3d5f</value>
         <object_component_ref idref="oc-5e3"/>
      </symbol>
      <symbol id="sm-b02">
         <name>xdc_runtime_Text_ropeText__F</name>
         <value>0x4101</value>
         <object_component_ref idref="oc-3ea"/>
      </symbol>
      <symbol id="sm-b15">
         <name>_c_int00</name>
         <value>0x39cd</value>
         <object_component_ref idref="oc-25"/>
      </symbol>
      <symbol id="sm-b16">
         <name>__stack</name>
         <value>0x20002678</value>
         <object_component_ref idref="oc-2f"/>
      </symbol>
      <symbol id="sm-b31">
         <name>__TI_auto_init</name>
         <value>0x338d</value>
         <object_component_ref idref="oc-74"/>
      </symbol>
      <symbol id="sm-b8e">
         <name>_Z25__add_destruction_to_listPP20a_needed_destructionPFYvPvES2_S2_</name>
         <value>0x3c95</value>
         <object_component_ref idref="oc-45c"/>
      </symbol>
      <symbol id="sm-b8f">
         <name>__cxa_atexit</name>
         <value>0x3e0d</value>
         <object_component_ref idref="oc-3d9"/>
      </symbol>
      <symbol id="sm-b90">
         <name>_Z23__finalize_destructionsPP20a_needed_destructionPv</name>
         <value>0x3d1d</value>
         <object_component_ref idref="oc-5d7"/>
      </symbol>
      <symbol id="sm-b91">
         <name>__cxa_finalize</name>
         <value>0x41ad</value>
         <object_component_ref idref="oc-583"/>
      </symbol>
      <symbol id="sm-b92">
         <name>atexit</name>
         <value>0x4191</value>
         <object_component_ref idref="oc-370"/>
      </symbol>
      <symbol id="sm-b93">
         <name>__cxa_ia64_exit</name>
         <value>0x4209</value>
         <object_component_ref idref="oc-4fd"/>
      </symbol>
      <symbol id="sm-bae">
         <name>memcpy</name>
         <value>0x34c9</value>
         <object_component_ref idref="oc-5b"/>
      </symbol>
      <symbol id="sm-baf">
         <name>__aeabi_memcpy</name>
         <value>0x34c9</value>
         <object_component_ref idref="oc-5b"/>
      </symbol>
      <symbol id="sm-bb0">
         <name>__aeabi_memcpy8</name>
         <value>0x34c9</value>
         <object_component_ref idref="oc-5b"/>
      </symbol>
      <symbol id="sm-bb1">
         <name>__aeabi_memcpy4</name>
         <value>0x34c9</value>
         <object_component_ref idref="oc-5b"/>
      </symbol>
      <symbol id="sm-bc0">
         <name>__aeabi_memset</name>
         <value>0x37b3</value>
         <object_component_ref idref="oc-f9"/>
      </symbol>
      <symbol id="sm-bc1">
         <name>memset</name>
         <value>0x37b9</value>
         <object_component_ref idref="oc-f9"/>
      </symbol>
      <symbol id="sm-bc2">
         <name>__aeabi_memset8</name>
         <value>0x37b3</value>
         <object_component_ref idref="oc-f9"/>
      </symbol>
      <symbol id="sm-bc3">
         <name>__aeabi_memset4</name>
         <value>0x37b3</value>
         <object_component_ref idref="oc-f9"/>
      </symbol>
      <symbol id="sm-bc4">
         <name>__aeabi_memclr8</name>
         <value>0x37b1</value>
         <object_component_ref idref="oc-f9"/>
      </symbol>
      <symbol id="sm-bc5">
         <name>__aeabi_memclr4</name>
         <value>0x37b1</value>
         <object_component_ref idref="oc-f9"/>
      </symbol>
      <symbol id="sm-bc6">
         <name>__aeabi_memclr</name>
         <value>0x37b1</value>
         <object_component_ref idref="oc-f9"/>
      </symbol>
      <symbol id="sm-bce">
         <name>main_func_sp</name>
         <value>0x20004720</value>
         <object_component_ref idref="oc-7f"/>
      </symbol>
      <symbol id="sm-bf7">
         <name>copy_in</name>
         <value>0x3bb9</value>
         <object_component_ref idref="oc-ff"/>
      </symbol>
      <symbol id="sm-c09">
         <name>__TI_zero_init</name>
         <value>0x41b9</value>
         <object_component_ref idref="oc-6d"/>
      </symbol>
      <symbol id="sm-c20">
         <name>__TI_decompress_none</name>
         <value>0x419f</value>
         <object_component_ref idref="oc-1e"/>
      </symbol>
      <symbol id="sm-c43">
         <name>__TI_decompress_lzss</name>
         <value>0x3909</value>
         <object_component_ref idref="oc-18"/>
      </symbol>
      <symbol id="sm-c69">
         <name>C$$EXIT</name>
         <value>0x4219</value>
         <object_component_ref idref="oc-112"/>
      </symbol>
      <symbol id="sm-c6a">
         <name>abort</name>
         <value>0x4219</value>
         <object_component_ref idref="oc-112"/>
      </symbol>
      <symbol id="sm-c6b">
         <name>__TI_dtors_ptr</name>
         <value>0x200046cc</value>
         <object_component_ref idref="oc-237"/>
      </symbol>
      <symbol id="sm-c6c">
         <name>__TI_cleanup_ptr</name>
         <value>0x200046c8</value>
         <object_component_ref idref="oc-237"/>
      </symbol>
      <symbol id="sm-c6d">
         <name>__TI_enable_exit_profile_output</name>
         <value>0x200046d0</value>
         <object_component_ref idref="oc-237"/>
      </symbol>
      <symbol id="sm-c6e">
         <name>exit</name>
         <value>0x3c05</value>
         <object_component_ref idref="oc-118"/>
      </symbol>
      <symbol id="sm-c83">
         <name>_nop</name>
         <value>0x1f7b</value>
         <object_component_ref idref="oc-2f5"/>
      </symbol>
      <symbol id="sm-c84">
         <name>_lock</name>
         <value>0x200046ec</value>
         <object_component_ref idref="oc-23a"/>
      </symbol>
      <symbol id="sm-c85">
         <name>_unlock</name>
         <value>0x200046f0</value>
         <object_component_ref idref="oc-23a"/>
      </symbol>
      <symbol id="sm-c99">
         <name>_args_main</name>
         <value>0x40d1</value>
         <object_component_ref idref="oc-78"/>
      </symbol>
      <symbol id="sm-d22">
         <name>_sys_memory</name>
         <value>0x20003678</value>
         <object_component_ref idref="oc-30"/>
      </symbol>
      <symbol id="sm-d23">
         <name>free</name>
         <value>0x31cd</value>
         <object_component_ref idref="oc-618"/>
      </symbol>
      <symbol id="sm-d24">
         <name>memalign</name>
         <value>0x2edd</value>
         <object_component_ref idref="oc-57c"/>
      </symbol>
      <symbol id="sm-d25">
         <name>malloc</name>
         <value>0x4201</value>
         <object_component_ref idref="oc-4f7"/>
      </symbol>
      <symbol id="sm-d26">
         <name>aligned_alloc</name>
         <value>0x2edd</value>
         <object_component_ref idref="oc-57c"/>
      </symbol>
      <symbol id="sm-d35">
         <name>strcmp</name>
         <value>0x40e9</value>
         <object_component_ref idref="oc-210"/>
      </symbol>
      <symbol id="sm-d43">
         <name>strlen</name>
         <value>0x4119</value>
         <object_component_ref idref="oc-5e8"/>
      </symbol>
      <symbol id="sm-d57">
         <name>_c_int00_noargs</name>
         <value>0x3e75</value>
         <object_component_ref idref="oc-92"/>
      </symbol>
      <symbol id="sm-d68">
         <name>HOSTwrite</name>
         <value>0x3a25</value>
         <object_component_ref idref="oc-5ba"/>
      </symbol>
      <symbol id="sm-d8c">
         <name>__TI_readmsg</name>
         <value>0x3e41</value>
         <object_component_ref idref="oc-608"/>
      </symbol>
      <symbol id="sm-d8d">
         <name>C$$IO$$</name>
         <value>0x3dcb</value>
         <object_component_ref idref="oc-602"/>
      </symbol>
      <symbol id="sm-d8e">
         <name>__CIOBUF_</name>
         <value>0x20002400</value>
         <object_component_ref idref="oc-644"/>
      </symbol>
      <symbol id="sm-d8f">
         <name>__TI_writemsg</name>
         <value>0x3d9d</value>
         <object_component_ref idref="oc-602"/>
      </symbol>
      <symbol id="sm-d99">
         <name>_system_pre_init</name>
         <value>0x4215</value>
         <object_component_ref idref="oc-1a7"/>
      </symbol>
      <symbol id="sm-d9f">
         <name>parmbuf</name>
         <value>0x2000266c</value>
      </symbol>
      <symbol id="sm-da0">
         <name>__TI_static_base__</name>
         <value>0x0</value>
      </symbol>
      <symbol id="sm-da3">
         <name>GPIOPinWrite</name>
         <value>0x0</value>
      </symbol>
      <symbol id="sm-da4">
         <name>GPIOPinRead</name>
         <value>0x0</value>
      </symbol>
      <symbol id="sm-da5">
         <name>SysCtlClockFreqSet</name>
         <value>0x0</value>
      </symbol>
      <symbol id="sm-da6">
         <name>SysCtlPeripheralEnable</name>
         <value>0x0</value>
      </symbol>
      <symbol id="sm-da7">
         <name>SysCtlPeripheralReady</name>
         <value>0x0</value>
      </symbol>
      <symbol id="sm-da8">
         <name>GPIOPinTypeGPIOOutput</name>
         <value>0x0</value>
      </symbol>
      <symbol id="sm-da9">
         <name>GPIOPinTypeGPIOInput</name>
         <value>0x0</value>
      </symbol>
      <symbol id="sm-daa">
         <name>GPIOPinConfigure</name>
         <value>0x0</value>
      </symbol>
      <symbol id="sm-dab">
         <name>GPIOPinTypeUART</name>
         <value>0x0</value>
      </symbol>
      <symbol id="sm-dac">
         <name>GPIOPinTypeUSBAnalog</name>
         <value>0x0</value>
      </symbol>
      <symbol id="sm-dad">
         <name>GPIOPinTypeUSBDigital</name>
         <value>0x0</value>
      </symbol>
      <symbol id="sm-dae">
         <name>GPIOPadConfigSet</name>
         <value>0x0</value>
      </symbol>
      <symbol id="sm-daf">
         <name>GPIOPinTypeEthernetLED</name>
         <value>0x0</value>
      </symbol>
      <symbol id="sm-db0">
         <name>SHT$$INIT_ARRAY$$Base</name>
         <value>0x0</value>
      </symbol>
      <symbol id="sm-db1">
         <name>SHT$$INIT_ARRAY$$Limit</name>
         <value>0x0</value>
      </symbol>
      <symbol id="sm-db2">
         <name>__mpu_init</name>
         <value>0x0</value>
      </symbol>
      <symbol id="sm-db3">
         <name>xdc_runtime_Error_getSite__E</name>
         <value>0x421d</value>
      </symbol>
      <symbol id="sm-db4">
         <name>xdc_runtime_Error_init__E</name>
         <value>0x41d1</value>
      </symbol>
      <symbol id="sm-db5">
         <name>xdc_runtime_Error_print__E</name>
         <value>0x389d</value>
      </symbol>
      <symbol id="sm-db6">
         <name>xdc_runtime_Error_raiseX__E</name>
         <value>0x2c75</value>
      </symbol>
      <symbol id="sm-db7">
         <name>xdc_runtime_Gate_enterSystem__E</name>
         <value>0x41dd</value>
      </symbol>
      <symbol id="sm-db8">
         <name>xdc_runtime_Gate_leaveSystem__E</name>
         <value>0x4151</value>
      </symbol>
      <symbol id="sm-db9">
         <name>xdc_runtime_GateNull_enter__E</name>
         <value>0x4221</value>
      </symbol>
      <symbol id="sm-dba">
         <name>xdc_runtime_GateNull_leave__E</name>
         <value>0x2edb</value>
      </symbol>
      <symbol id="sm-dbb">
         <name>xdc_runtime_Registry_findById__E</name>
         <value>0x4025</value>
      </symbol>
      <symbol id="sm-dbc">
         <name>xdc_runtime_Startup_exec__E</name>
         <value>0x3a7d</value>
      </symbol>
      <symbol id="sm-dbd">
         <name>xdc_runtime_SysMin_abort__E</name>
         <value>0x3ed9</value>
      </symbol>
      <symbol id="sm-dbe">
         <name>xdc_runtime_SysMin_exit__E</name>
         <value>0x4081</value>
      </symbol>
      <symbol id="sm-dbf">
         <name>xdc_runtime_SysMin_flush__E</name>
         <value>0x3cd9</value>
      </symbol>
      <symbol id="sm-dc0">
         <name>xdc_runtime_SysMin_putch__E</name>
         <value>0x3dd5</value>
      </symbol>
      <symbol id="sm-dc1">
         <name>xdc_runtime_SysMin_ready__E</name>
         <value>0x4161</value>
      </symbol>
      <symbol id="sm-dc2">
         <name>xdc_runtime_SysMin_Module_startup__E</name>
         <value>0x4045</value>
      </symbol>
      <symbol id="sm-dc3">
         <name>xdc_runtime_System_abort__E</name>
         <value>0x412d</value>
      </symbol>
      <symbol id="sm-dc4">
         <name>xdc_runtime_System_flush__E</name>
         <value>0x3cd9</value>
      </symbol>
      <symbol id="sm-dc5">
         <name>xdc_runtime_System_Module_startup__E</name>
         <value>0x420f</value>
      </symbol>
      <symbol id="sm-dc6">
         <name>xdc_runtime_Text_ropeText__E</name>
         <value>0x4101</value>
      </symbol>
      <symbol id="sm-dc7">
         <name>xdc_runtime_Text_putLab__E</name>
         <value>0x3971</value>
      </symbol>
      <symbol id="sm-dc8">
         <name>xdc_runtime_Text_putMod__E</name>
         <value>0x3695</value>
      </symbol>
      <symbol id="sm-dc9">
         <name>xdc_runtime_Text_putSite__E</name>
         <value>0x3565</value>
      </symbol>
      <symbol id="sm-dca">
         <name>xdc_runtime_System_SupportProxy_abort__E</name>
         <value>0x3ed9</value>
      </symbol>
      <symbol id="sm-dcb">
         <name>xdc_runtime_System_SupportProxy_exit__E</name>
         <value>0x4081</value>
      </symbol>
      <symbol id="sm-dcc">
         <name>xdc_runtime_System_SupportProxy_flush__E</name>
         <value>0x3cd9</value>
      </symbol>
      <symbol id="sm-dcd">
         <name>xdc_runtime_System_SupportProxy_putch__E</name>
         <value>0x3dd5</value>
      </symbol>
      <symbol id="sm-dce">
         <name>xdc_runtime_System_SupportProxy_ready__E</name>
         <value>0x4161</value>
      </symbol>
      <symbol id="sm-dcf">
         <name>xdc_runtime_System_flush__F</name>
         <value>0x3cd9</value>
      </symbol>
   </symbol_table>
   <title>Link errors: red sections failed placement,available memory ranges in purple</title>
</link_info>
