******************************************************************************
                  TI ARM Linker PC v20.2.7                     
******************************************************************************
>> Linked Wed Jun 26 13:44:35 2024

OUTPUT FILE NAME:   <RTSCLAB4.out>
ENTRY POINT SYMBOL: "_c_int00"  address: 000039cd


MEMORY CONFIGURATION

         name            origin    length      used     unused   attr    fill
----------------------  --------  ---------  --------  --------  ----  --------
  FLASH                 00000000   00100000  00004bb4  000fb44c  R  X
  SRAM                  20000000   00040000  00004722  0003b8de  RW X


SEGMENT ALLOCATION MAP

run origin  load origin   length   init length attrs members
----------  ----------- ---------- ----------- ----- -------
00000000    00000000    00000008   00000008    r--
  00000000    00000000    00000008   00000008    r-- .bootVecs
00000000    00000000    00000200   00000200    r--
  00000000    00000000    00000200   00000200    r-- .intvecs
00000200    00000200    00004774   00004774    r-x
  00000200    00000200    00004038   00004038    r-x .text
  00004238    00004238    0000073c   0000073c    r-- .const
00004974    00004974    00000200   00000200    rw-
  00004974    00004974    00000200   00000200    rw- .args
00004b78    00004b78    00000040   00000040    r--
  00004b78    00004b78    00000040   00000040    r-- .cinit
20000000    20000000    00004726   00000000    rw-
  20000000    20000000    00002674   00000000    rw- .bss
  20002678    20002678    00001000   00000000    rw- .stack
  20003678    20003678    00001000   00000000    rw- .sysmem
  20004678    20004678    000000ae   00000000    rw- .data


SECTION ALLOCATION MAP

 output                                  attributes/
section   page    origin      length       input sections
--------  ----  ----------  ----------   ----------------
.intvecs   0    00000000    00000200     
                  00000000    00000200     tm4c1294ncpdt_startup_ccs.obj (.intvecs)

.bootVecs 
*          0    00000000    00000008     FAILED TO ALLOCATE
.text      0    00000200    00004038     
                  00000200    00001264     tasks.obj (.text)
                  00001464    00000b16     queue.obj (.text)
                  00001f7a    00000002     rtsv7M4_T_le_v4SPD16_eabi.lib : _lock.c.obj (.text:_nop)
                  00001f7c    000003e8     main.obj (.text)
                  00002364    00000344     ti.targets.arm.rtsarm.aem4f : System.oem4f (.text:xdc_runtime_System_doPrint__I)
                  000026a8    00000290     pinout.obj (.text)
                  00002938    00000200     Boot.aem4f : Boot_sysctl.oem4f (.text:ti_catalog_arm_cortexm4_tiva_ce_Boot_sysCtlClockFreqSetI__I)
                  00002b38    0000013c     port.obj (.text)
                  00002c74    0000013c     ti.targets.arm.rtsarm.aem4f : Error.oem4f (.text:xdc_runtime_Error_raiseX__F)
                  00002db0    0000012a     list.obj (.text)
                  00002eda    00000002     ti.targets.arm.rtsarm.aem4f : GateNull.oem4f (.text:xdc_runtime_GateNull_leave__F)
                  00002edc    00000100     rtsv7M4_T_le_v4SPD16_eabi.lib : memory.c.obj (.text:aligned_alloc)
                  00002fdc    000000f8     ti.targets.arm.rtsarm.aem4f : Startup.oem4f (.text:xdc_runtime_Startup_startMods__I)
                  000030d4    000000f8     RTSCLAB4_pem4f.oem4f (.text:xdc_runtime_System_printfExtend__I)
                  000031cc    000000e4     rtsv7M4_T_le_v4SPD16_eabi.lib : memory.c.obj (.text:free)
                  000032b0    000000da     portasm.obj (.text)
                  0000338a    00000002     RTSCLAB4_pem4f.oem4f (.text:xdc_runtime_Startup_reset__I)
                  0000338c    000000a0     auto_init.aem4f : auto_init.oem4f (.text)
                  0000342c    0000009c     heap_1.obj (.text)
                  000034c8    0000009c     rtsv7M4_T_le_v4SPD16_eabi.lib : memcpy_t2.asm.obj (.text)
                  00003564    0000009a     ti.targets.arm.rtsarm.aem4f : Text.oem4f (.text:xdc_runtime_Text_putSite__F)
                  000035fe    00000002     --HOLE-- [fill = 0]
                  00003600    00000094     Boot.aem4f : Boot.oem4f (.text:ti_catalog_arm_cortexm4_tiva_ce_Boot_sysCtlClockFreqSet__E)
                  00003694    00000094     ti.targets.arm.rtsarm.aem4f : Text.oem4f (.text:xdc_runtime_Text_putMod__F)
                  00003728    00000088     isr.obj (.text)
                  000037b0    0000007a     rtsv7M4_T_le_v4SPD16_eabi.lib : memset_t2.asm.obj (.text)
                  0000382a    00000002     --HOLE-- [fill = 0]
                  0000382c    00000070                                   : memory.c.obj (.text:split)
                  0000389c    0000006c     ti.targets.arm.rtsarm.aem4f : Error.oem4f (.text:xdc_runtime_Error_print__F)
                  00003908    00000068     rtsv7M4_T_le_v4SPD16_eabi.lib : copy_decompress_lzss.c.obj (.text:decompress:lzss:__TI_decompress_lzss)
                  00003970    0000005b     ti.targets.arm.rtsarm.aem4f : Text.oem4f (.text:xdc_runtime_Text_putLab__F)
                  000039cb    00000001     --HOLE-- [fill = 0]
                  000039cc    00000058     boot.aem4f : boot.oem4f (.text)
                  00003a24    00000058     rtsv7M4_T_le_v4SPD16_eabi.lib : hostwrite.c.obj (.text:HOSTwrite)
                  00003a7c    00000050     ti.targets.arm.rtsarm.aem4f : Startup.oem4f (.text:xdc_runtime_Startup_exec__F)
                  00003acc    00000050                                 : System.oem4f (.text:xdc_runtime_System_formatNum__I)
                  00003b1c    00000050                                 : Text.oem4f (.text:xdc_runtime_Text_visitRope2__I)
                  00003b6c    0000004c     Boot.aem4f : Boot_sysctl.oem4f (.text:_SysCtlFrequencyGet)
                  00003bb8    0000004c     rtsv7M4_T_le_v4SPD16_eabi.lib : cpy_tbl.c.obj (.text:copy_in)
                  00003c04    00000048                                   : exit.c.obj (.text:exit)
                  00003c4c    00000048     ti.targets.arm.rtsarm.aem4f : Assert.oem4f (.text:xdc_runtime_Assert_raise__I)
                  00003c94    00000044     rtsv7M4_T_le_v4SPD16_eabi.lib : dtor_list.c.obj (.text:_Z25__add_destruction_to_listPP20a_needed_destructionPFYvPvES2_S2_)
                  00003cd8    00000044     ti.targets.arm.rtsarm.aem4f : SysMin.oem4f (.text:xdc_runtime_SysMin_flush__F)
                  00003d1c    00000042     rtsv7M4_T_le_v4SPD16_eabi.lib : dtor_list.c.obj (.text:_Z23__finalize_destructionsPP20a_needed_destructionPv)
                  00003d5e    0000003c     ti.targets.arm.rtsarm.aem4f : Text.oem4f (.text:xdc_runtime_Text_xprintf__I)
                  00003d9a    00000002     --HOLE-- [fill = 0]
                  00003d9c    00000038     rtsv7M4_T_le_v4SPD16_eabi.lib : trgmsg.c.obj (.text:__TI_writemsg)
                  00003dd4    00000038     ti.targets.arm.rtsarm.aem4f : SysMin.oem4f (.text:xdc_runtime_SysMin_putch__F)
                  00003e0c    00000034     rtsv7M4_T_le_v4SPD16_eabi.lib : dtor_list.c.obj (.text:_ZN33_INTERNAL_11_dtor_list_c_14e673d611__TI_atexitEPFYvPvES0_S0_)
                  00003e40    00000034                                   : trgmsg.c.obj (.text:__TI_readmsg)
                  00003e74    00000034                                   : boot_cortex_m.c.obj (.text:_c_int00_noargs:_c_int00_noargs)
                  00003ea8    00000030     Boot.aem4f : Boot_sysctl.oem4f (.text:_SysCtlMemTimingGet)
                  00003ed8    00000030     ti.targets.arm.rtsarm.aem4f : SysMin.oem4f (.text:xdc_runtime_SysMin_abort__F)
                  00003f08    0000002f                                 : Text.oem4f (.text:xdc_runtime_Text_printVisFxn__I)
                  00003f37    00000001     --HOLE-- [fill = 0]
                  00003f38    0000002c                                 : System.oem4f (.text:xdc_runtime_System_rtsExit__I)
                  00003f64    0000002a                                 : System.oem4f (.text:xdc_runtime_System_putchar__I)
                  00003f8e    00000002     --HOLE-- [fill = 0]
                  00003f90    00000028     rtsv7M4_T_le_v4SPD16_eabi.lib : memory.c.obj (.text:free_list_insert)
                  00003fb8    00000026     ti.targets.arm.rtsarm.aem4f : System.oem4f (.text:xdc_runtime_System_avprintf__F)
                  00003fde    00000024                                 : System.oem4f (.text:xdc_runtime_System_vprintf__F)
                  00004002    00000022     RTSCLAB4_pem4f.oem4f (.text:xdc_runtime_SysMin_output__I)
                  00004024    00000020     ti.targets.arm.rtsarm.aem4f : Registry.oem4f (.text:xdc_runtime_Registry_findById__F)
                  00004044    00000020                                 : SysMin.oem4f (.text:xdc_runtime_SysMin_Module_startup__F)
                  00004064    0000001c     rtsv7M4_T_le_v4SPD16_eabi.lib : memory.c.obj (.text:free_list_remove)
                  00004080    0000001c     ti.targets.arm.rtsarm.aem4f : SysMin.oem4f (.text:xdc_runtime_SysMin_exit__F)
                  0000409c    0000001a     RTSCLAB4_pem4f.oem4f (.text:xdc_runtime_System_aprintf__E)
                  000040b6    0000001a     RTSCLAB4_pem4f.oem4f (.text:xdc_runtime_System_printf__E)
                  000040d0    00000018     rtsv7M4_T_le_v4SPD16_eabi.lib : args_main.c.obj (.text:_args_main)
                  000040e8    00000018                                   : strcmp.c.obj (.text:strcmp)
                  00004100    00000018     ti.targets.arm.rtsarm.aem4f : Text.oem4f (.text:xdc_runtime_Text_ropeText__F)
                  00004118    00000014     rtsv7M4_T_le_v4SPD16_eabi.lib : strlen.c.obj (.text:strlen)
                  0000412c    00000014     ti.targets.arm.rtsarm.aem4f : System.oem4f (.text:xdc_runtime_System_abort__F)
                  00004140    00000010     RTSCLAB4_pem4f.oem4f (.text:.bootCodeSection:ti_catalog_arm_cortexm4_tiva_ce_Boot_init__I)
                  00004150    00000010     ti.targets.arm.rtsarm.aem4f : Gate.oem4f (.text:xdc_runtime_Gate_leaveSystem__F)
                  00004160    00000010                                 : SysMin.oem4f (.text:xdc_runtime_SysMin_ready__F)
                  00004170    00000010                                 : System.oem4f (.text:xdc_runtime_System_vsnprintf__F)
                  00004180    00000010     RTSCLAB4_pem4f.oem4f (.text:xdc_runtime_Text_visitRope__I)
                  00004190    0000000e     rtsv7M4_T_le_v4SPD16_eabi.lib : dtor_list.c.obj (.text:atexit)
                  0000419e    0000000e                                   : copy_decompress_none.c.obj (.text:decompress:none:__TI_decompress_none)
                  000041ac    0000000c                                   : dtor_list.c.obj (.text:__cxa_finalize)
                  000041b8    0000000c                                   : copy_zero_init.c.obj (.text:decompress:ZI:__TI_zero_init)
                  000041c4    0000000c     tm4c1294ncpdt_startup_ccs.obj (.text)
                  000041d0    0000000c     ti.targets.arm.rtsarm.aem4f : Error.oem4f (.text:xdc_runtime_Error_init__F)
                  000041dc    0000000c                                 : Gate.oem4f (.text:xdc_runtime_Gate_enterSystem__F)
                  000041e8    0000000c     RTSCLAB4_pem4f.oem4f (.text:xdc_runtime_Startup_exec__I)
                  000041f4    0000000c     ti.targets.arm.rtsarm.aem4f : System.oem4f (.text:xdc_runtime_System_lastFxn__I)
                  00004200    00000008     rtsv7M4_T_le_v4SPD16_eabi.lib : memory.c.obj (.text:malloc)
                  00004208    00000006                                   : dtor_list.c.obj (.text:__cxa_ia64_exit)
                  0000420e    00000006     ti.targets.arm.rtsarm.aem4f : System.oem4f (.text:xdc_runtime_System_Module_startup__F)
                  00004214    00000004     rtsv7M4_T_le_v4SPD16_eabi.lib : pre_init.c.obj (.text:_system_pre_init)
                  00004218    00000004                                   : exit.c.obj (.text:abort:abort)
                  0000421c    00000004     ti.targets.arm.rtsarm.aem4f : Error.oem4f (.text:xdc_runtime_Error_getSite__F)
                  00004220    00000004                                 : GateNull.oem4f (.text:xdc_runtime_GateNull_enter__F)
                  00004224    00000004     RTSCLAB4_pem4f.oem4f (.text:xdc_runtime_System_Module_GateProxy_enter__E)
                  00004228    00000004     RTSCLAB4_pem4f.oem4f (.text:xdc_runtime_System_Module_GateProxy_leave__E)
                  0000422c    00000004     ti.targets.arm.rtsarm.aem4f : System.oem4f (.text:xdc_runtime_System_aprintf_va__F)
                  00004230    00000004                                 : System.oem4f (.text:xdc_runtime_System_printf_va__F)
                  00004234    00000004     RTSCLAB4_pem4f.oem4f (.text:xdc_runtime_System_vsnprintf__E)

.const     0    00004238    0000073c     
                  00004238    00000473     RTSCLAB4_pem4f.oem4f (.const:xdc_runtime_Text_charTab__A)
                  000046ab    00000001     RTSCLAB4_pem4f.oem4f (.const:xdc_runtime_Error_policy__C)
                  000046ac    00000120     Boot.aem4f : Boot_sysctl.oem4f (.const:g_pppui32XTALtoVCO)
                  000047cc    0000006c                : Boot_sysctl.oem4f (.const:g_pui32Xtals)
                  00004838    00000060     RTSCLAB4_pem4f.oem4f (.const:xdc_runtime_Text_nodeTab__A)
                  00004898    00000030     Boot.aem4f : Boot_sysctl.oem4f (.const:g_sXTALtoMEMTIM)
                  000048c8    00000011     ti.targets.arm.rtsarm.aem4f : System.oem4f (.const)
                  000048d9    00000001     --HOLE-- [fill = 0]
                  000048da    00000002     RTSCLAB4_pem4f.oem4f (.const:ti_catalog_arm_cortexm4_tiva_ce_Boot_Module__id__C)
                  000048dc    00000008     Boot.aem4f : Boot_sysctl.oem4f (.const)
                  000048e4    00000008     RTSCLAB4_pem4f.oem4f (.const:xdc_runtime_Startup_firstFxns__C)
                  000048ec    00000008     RTSCLAB4_pem4f.oem4f (.const:xdc_runtime_Startup_lastFxns__C)
                  000048f4    00000008     RTSCLAB4_pem4f.oem4f (.const:xdc_runtime_Startup_sfxnTab__A)
                  000048fc    00000004     port.obj (.const)
                  00004900    00000004     RTSCLAB4_pem4f.oem4f (.const:ti_catalog_arm_cortexm4_tiva_ce_Boot_A_mustNotUseEnhancedClockMode__C)
                  00004904    00000004     RTSCLAB4_pem4f.oem4f (.const:ti_catalog_arm_cortexm4_tiva_ce_Boot_Module__diagsEnabled__C)
                  00004908    00000004     RTSCLAB4_pem4f.oem4f (.const:ti_catalog_arm_cortexm4_tiva_ce_Boot_Module__diagsIncluded__C)
                  0000490c    00000004     RTSCLAB4_pem4f.oem4f (.const:ti_catalog_arm_cortexm4_tiva_ce_Boot_Module__diagsMask__C)
                  00004910    00000004     RTSCLAB4_pem4f.oem4f (.const:xdc_runtime_Assert_E_assertFailed__C)
                  00004914    00000004     RTSCLAB4_pem4f.oem4f (.const:xdc_runtime_Error_Module__diagsEnabled__C)
                  00004918    00000004     RTSCLAB4_pem4f.oem4f (.const:xdc_runtime_Error_Module__diagsIncluded__C)
                  0000491c    00000004     RTSCLAB4_pem4f.oem4f (.const:xdc_runtime_Error_Module__diagsMask__C)
                  00004920    00000004     RTSCLAB4_pem4f.oem4f (.const:xdc_runtime_Error_Module__loggerFxn8__C)
                  00004924    00000004     RTSCLAB4_pem4f.oem4f (.const:xdc_runtime_Error_Module__loggerObj__C)
                  00004928    00000004     RTSCLAB4_pem4f.oem4f (.const:xdc_runtime_Error_raiseHook__C)
                  0000492c    00000004     RTSCLAB4_pem4f.oem4f (.const:xdc_runtime_Log_L_error__C)
                  00004930    00000004     RTSCLAB4_pem4f.oem4f (.const:xdc_runtime_Startup_execImpl__C)
                  00004934    00000004     RTSCLAB4_pem4f.oem4f (.const:xdc_runtime_Startup_firstFxns__A)
                  00004938    00000004     RTSCLAB4_pem4f.oem4f (.const:xdc_runtime_Startup_lastFxns__A)
                  0000493c    00000004     RTSCLAB4_pem4f.oem4f (.const:xdc_runtime_Startup_maxPasses__C)
                  00004940    00000004     RTSCLAB4_pem4f.oem4f (.const:xdc_runtime_Startup_sfxnRts__A)
                  00004944    00000004     RTSCLAB4_pem4f.oem4f (.const:xdc_runtime_Startup_sfxnRts__C)
                  00004948    00000004     RTSCLAB4_pem4f.oem4f (.const:xdc_runtime_Startup_sfxnTab__C)
                  0000494c    00000004     RTSCLAB4_pem4f.oem4f (.const:xdc_runtime_SysMin_bufSize__C)
                  00004950    00000004     RTSCLAB4_pem4f.oem4f (.const:xdc_runtime_SysMin_outputFunc__C)
                  00004954    00000004     RTSCLAB4_pem4f.oem4f (.const:xdc_runtime_System_Module__gateObj__C)
                  00004958    00000004     RTSCLAB4_pem4f.oem4f (.const:xdc_runtime_System_extendFxn__C)
                  0000495c    00000004     RTSCLAB4_pem4f.oem4f (.const:xdc_runtime_Text_charTab__C)
                  00004960    00000004     RTSCLAB4_pem4f.oem4f (.const:xdc_runtime_Text_nodeTab__C)
                  00004964    00000004     RTSCLAB4_pem4f.oem4f (.const:xdc_runtime_Text_visitRopeFxn__C)
                  00004968    00000002     RTSCLAB4_pem4f.oem4f (.const:xdc_runtime_Error_Module__loggerDefined__C)
                  0000496a    00000002     RTSCLAB4_pem4f.oem4f (.const:xdc_runtime_Error_maxDepth__C)
                  0000496c    00000002     RTSCLAB4_pem4f.oem4f (.const:xdc_runtime_SysMin_flushAtExit__C)
                  0000496e    00000002     RTSCLAB4_pem4f.oem4f (.const:xdc_runtime_Text_isLoaded__C)
                  00004970    00000002     RTSCLAB4_pem4f.oem4f (.const:xdc_runtime_Text_registryModsLastId__C)
                  00004972    00000002     RTSCLAB4_pem4f.oem4f (.const:xdc_runtime_Text_unnamedModsLastId__C)

.cinit     0    00004b78    00000040     
                  00004b78    0000001b     (.cinit..data.load) [load image, compression = lzss]
                  00004b93    00000001     --HOLE-- [fill = 0]
                  00004b94    0000000c     (__TI_handler_table)
                  00004ba0    00000008     (.cinit..bss.load) [load image, compression = zero_init]
                  00004ba8    00000010     (__TI_cinit_table)

.init_array 
*          0    00000000    00000000     UNINITIALIZED

.bss       0    20000000    00002674     UNINITIALIZED
                  20000000    00002000     heap_1.obj (.bss:ucHeap)
                  20002000    00000400     (.common:xdc_runtime_SysMin_Module_State_0_outbuf__A)
                  20002400    00000120     rtsv7M4_T_le_v4SPD16_eabi.lib : trgmsg.c.obj (.bss:_CIOBUF_)
                  20002520    000000a0     tasks.obj (.bss:pxReadyTasksLists)
                  200025c0    0000001c     (.common:adcTP0_)
                  200025dc    0000001c     (.common:adcTP1_)
                  200025f8    00000014     tasks.obj (.bss:xDelayedTaskList1)
                  2000260c    00000014     tasks.obj (.bss:xDelayedTaskList2)
                  20002620    00000014     tasks.obj (.bss:xPendingReadyList)
                  20002634    00000014     tasks.obj (.bss:xSuspendedTaskList)
                  20002648    00000010     (.common:buttonServiceTP_)
                  20002658    0000000c     isr.obj (.bss)
                  20002664    00000008     tasks.obj (.bss)
                  2000266c    00000008     (.common:parmbuf)

.stack     0    20002678    00001000     UNINITIALIZED
                  20002678    00000004     rtsv7M4_T_le_v4SPD16_eabi.lib : boot_cortex_m.c.obj (.stack)
                  2000267c    00000ffc     --HOLE--

.sysmem    0    20003678    00001000     UNINITIALIZED
                  20003678    00000010     rtsv7M4_T_le_v4SPD16_eabi.lib : memory.c.obj (.sysmem)
                  20003688    00000ff0     --HOLE--

.data      0    20004678    000000ae     UNINITIALIZED
                  20004678    00000030     tasks.obj (.data)
                  200046a8    00000020     RTSCLAB4_pem4f.oem4f (.data:xdc_runtime_System_Module_State_0_atexitHandlers__A)
                  200046c8    0000000c     rtsv7M4_T_le_v4SPD16_eabi.lib : exit.c.obj (.data:$O1$$)
                  200046d4    0000000c     RTSCLAB4_pem4f.oem4f (.data:xdc_runtime_SysMin_Module__state__V)
                  200046e0    0000000c     RTSCLAB4_pem4f.oem4f (.data:xdc_runtime_System_Module__state__V)
                  200046ec    00000008     rtsv7M4_T_le_v4SPD16_eabi.lib : _lock.c.obj (.data:$O1$$)
                  200046f4    00000008                                   : memory.c.obj (.data:$O1$$)
                  200046fc    00000008     heap_1.obj (.data)
                  20004704    00000008     RTSCLAB4_pem4f.oem4f (.data:xdc_runtime_Registry_Module__state__V)
                  2000470c    00000008     RTSCLAB4_pem4f.oem4f (.data:xdc_runtime_Startup_Module__state__V)
                  20004714    00000004     main.obj (.data)
                  20004718    00000004     port.obj (.data)
                  2000471c    00000004     rtsv7M4_T_le_v4SPD16_eabi.lib : dtor_list.c.obj (.data)
                  20004720    00000004                                   : stkdepth_vars.c.obj (.data)
                  20004724    00000002     RTSCLAB4_pem4f.oem4f (.data:xdc_runtime_Error_Module__state__V)

xdc.meta   0    00000000    000000d4     COPY SECTION
                  00000000    000000d4     RTSCLAB4_pem4f.oem4f (xdc.meta)

__llvm_prf_cnts 
*          0    20000000    00000000     UNINITIALIZED

.args      0    00004974    00000200     
                  00004974    00000200     --HOLE-- [fill = 0]

MODULE SUMMARY

       Module                          code    ro data   rw data
       ------                          ----    -------   -------
    .\
       main.obj                        1000    0         76     
       pinout.obj                      656     0         0      
       tm4c1294ncpdt_startup_ccs.obj   12      512       0      
       isr.obj                         136     0         12     
    +--+-------------------------------+-------+---------+---------+
       Total:                          1804    512       88     
                                                                
    .\rtos\FreeRTOS\source\
       tasks.obj                       4708    0         296    
       queue.obj                       2838    0         0      
       list.obj                        298     0         0      
    +--+-------------------------------+-------+---------+---------+
       Total:                          7844    0         296    
                                                                
    .\rtos\FreeRTOS\source\portable\CCS\ARM_CM4F\
       port.obj                        316     4         4      
       portasm.obj                     218     0         0      
    +--+-------------------------------+-------+---------+---------+
       Total:                          534     4         4      
                                                                
    .\rtos\FreeRTOS\source\portable\MemMang\
       heap_1.obj                      156     0         8200   
    +--+-------------------------------+-------+---------+---------+
       Total:                          156     0         8200   
                                                                
    D:\CCSWorkspace\RTSCLAB4\Debug\configPkg\package\cfg\
       RTSCLAB4_pem4f.oem4f            392     1378      1098   
    +--+-------------------------------+-------+---------+---------+
       Total:                          392     1378      1098   
                                                                
    C:\ti\ccs1250\ccs\tools\compiler\ti-cgt-arm_20.2.7.LTS\lib\rtsv7M4_T_le_v4SPD16_eabi.lib
       memory.c.obj                    672     0         8      
       trgmsg.c.obj                    108     0         288    
       dtor_list.c.obj                 218     0         4      
       memcpy_t2.asm.obj               156     0         0      
       memset_t2.asm.obj               122     0         0      
       copy_decompress_lzss.c.obj      104     0         0      
       exit.c.obj                      76      0         12     
       hostwrite.c.obj                 88      0         0      
       cpy_tbl.c.obj                   76      0         0      
       boot_cortex_m.c.obj             52      0         0      
       args_main.c.obj                 24      0         0      
       strcmp.c.obj                    24      0         0      
       strlen.c.obj                    20      0         0      
       copy_decompress_none.c.obj      14      0         0      
       copy_zero_init.c.obj            12      0         0      
       _lock.c.obj                     2       0         8      
       hostopen.c.obj                  0       0         8      
       pre_init.c.obj                  4       0         0      
       stkdepth_vars.c.obj             0       0         4      
    +--+-------------------------------+-------+---------+---------+
       Total:                          1772    0         332    
                                                                
    C:\ti\ccs1250\xdctools_3_25_06_96\packages\ti\catalog\arm\cortexm4\tiva\ce\lib\Boot.aem4f
       Boot_sysctl.oem4f               636     452       0      
       Boot.oem4f                      148     0         0      
    +--+-------------------------------+-------+---------+---------+
       Total:                          784     452       0      
                                                                
    C:\ti\ccs1250\xdctools_3_25_06_96\packages\ti\targets\arm\rtsarm\lib\auto_init.aem4f
       auto_init.oem4f                 160     0         0      
    +--+-------------------------------+-------+---------+---------+
       Total:                          160     0         0      
                                                                
    C:\ti\ccs1250\xdctools_3_25_06_96\packages\ti\targets\arm\rtsarm\lib\boot.aem4f
       boot.oem4f                      88      0         0      
    +--+-------------------------------+-------+---------+---------+
       Total:                          88      0         0      
                                                                
    C:\ti\ccs1250\xdctools_3_25_06_96\packages\ti\targets\arm\rtsarm\lib\ti.targets.arm.rtsarm.aem4f
       System.oem4f                    1138    17        0      
       Text.oem4f                      604     0         0      
       Error.oem4f                     440     0         0      
       Startup.oem4f                   328     0         0      
       SysMin.oem4f                    248     0         0      
       Assert.oem4f                    72      0         0      
       Registry.oem4f                  32      0         0      
       Gate.oem4f                      28      0         0      
       GateNull.oem4f                  6       0         0      
    +--+-------------------------------+-------+---------+---------+
       Total:                          2896    17        0      
                                                                
       Heap:                           0       0         4096   
       Stack:                          0       0         4096   
       Linker Generated:               0       63        0      
    +--+-------------------------------+-------+---------+---------+
       Grand Total:                    16430   2426      18210  


LINKER GENERATED COPY TABLES

__TI_cinit_table @ 00004ba8 records: 2, size/record: 8, table size: 16
	.data: load addr=00004b78, load size=0000001b bytes, run addr=20004678, run size=000000ae bytes, compression=lzss
	.bss: load addr=00004ba0, load size=00000008 bytes, run addr=20000000, run size=00002674 bytes, compression=zero_init


LINKER GENERATED HANDLER TABLE

__TI_handler_table @ 00004b94 records: 3, size/record: 4, table size: 12
	index: 0, handler: __TI_decompress_lzss
	index: 1, handler: __TI_decompress_none
	index: 2, handler: __TI_zero_init


GLOBAL SYMBOLS: SORTED ALPHABETICALLY BY Name 

address   name                                                                 
-------   ----                                                                 
00004219  C$$EXIT                                                              
00003dcb  C$$IO$$                                                              
UNDEFED   GPIOPadConfigSet                                                     
UNDEFED   GPIOPinConfigure                                                     
UNDEFED   GPIOPinRead                                                          
UNDEFED   GPIOPinTypeEthernetLED                                               
UNDEFED   GPIOPinTypeGPIOInput                                                 
UNDEFED   GPIOPinTypeGPIOOutput                                                
UNDEFED   GPIOPinTypeUART                                                      
UNDEFED   GPIOPinTypeUSBAnalog                                                 
UNDEFED   GPIOPinTypeUSBDigital                                                
UNDEFED   GPIOPinWrite                                                         
00003a25  HOSTwrite                                                            
00002871  LEDRead                                                              
000027e1  LEDWrite                                                             
000026a9  PinoutSet                                                            
000041c5  ResetISR                                                             
UNDEFED   SHT$$INIT_ARRAY$$Base                                                
UNDEFED   SHT$$INIT_ARRAY$$Limit                                               
UNDEFED   SysCtlClockFreqSet                                                   
UNDEFED   SysCtlPeripheralEnable                                               
UNDEFED   SysCtlPeripheralReady                                                
00003d1d  _Z23__finalize_destructionsPP20a_needed_destructionPv                
00003c95  _Z25__add_destruction_to_listPP20a_needed_destructionPFYvPvES2_S2_   
00000000  __ASM__                                                              
20002400  __CIOBUF_                                                            
00000052  __ISA__                                                              
00000065  __PLAT__                                                             
20003678  __STACK_END                                                          
00001000  __STACK_SIZE                                                         
20002878  __STACK_TOP                                                          
00001000  __SYSMEM_SIZE                                                        
00000086  __TARG__                                                             
00004ba8  __TI_CINIT_Base                                                      
00004bb8  __TI_CINIT_Limit                                                     
00004b94  __TI_Handler_Table_Base                                              
00004ba0  __TI_Handler_Table_Limit                                             
0000338d  __TI_auto_init                                                       
200046c8  __TI_cleanup_ptr                                                     
00003909  __TI_decompress_lzss                                                 
0000419f  __TI_decompress_none                                                 
200046cc  __TI_dtors_ptr                                                       
200046d0  __TI_enable_exit_profile_output                                      
ffffffff  __TI_pprof_out_hndl                                                  
ffffffff  __TI_prof_data_size                                                  
ffffffff  __TI_prof_data_start                                                 
00003e41  __TI_readmsg                                                         
00000000  __TI_static_base__                                                   
00003d9d  __TI_writemsg                                                        
000041b9  __TI_zero_init                                                       
000000ac  __TRDR__                                                             
000037b1  __aeabi_memclr                                                       
000037b1  __aeabi_memclr4                                                      
000037b1  __aeabi_memclr8                                                      
000034c9  __aeabi_memcpy                                                       
000034c9  __aeabi_memcpy4                                                      
000034c9  __aeabi_memcpy8                                                      
000037b3  __aeabi_memset                                                       
000037b3  __aeabi_memset4                                                      
000037b3  __aeabi_memset8                                                      
ffffffff  __binit__                                                            
00004974  __c_args__                                                           
00003e0d  __cxa_atexit                                                         
000041ad  __cxa_finalize                                                       
00004209  __cxa_ia64_exit                                                      
UNDEFED   __mpu_init                                                           
20002678  __stack                                                              
20000000  __start___llvm_prf_cnts                                              
20000000  __stop___llvm_prf_cnts                                               
000040d1  _args_main                                                           
000039cd  _c_int00                                                             
00003e75  _c_int00_noargs                                                      
200046ec  _lock                                                                
00001f7b  _nop                                                                 
20003678  _sys_memory                                                          
00004215  _system_pre_init                                                     
200046f0  _unlock                                                              
00004219  abort                                                                
20004714  activationCounterJ1_                                                 
200025c0  adcTP0_                                                              
200025dc  adcTP1_                                                              
00002edd  aligned_alloc                                                        
00004191  atexit                                                               
ffffffff  binit                                                                
20002648  buttonServiceTP_                                                     
00003729  configureISR                                                         
00003bb9  copy_in                                                              
00003c05  exit                                                                 
000031cd  free                                                                 
00000000  g_pfnVectors                                                         
00003749  gpioPortJIsr                                                         
00001f7d  main                                                                 
20004720  main_func_sp                                                         
00004201  malloc                                                               
00002edd  memalign                                                             
000034c9  memcpy                                                               
000037b9  memset                                                               
2000266c  parmbuf                                                              
00000863  pcTaskGetName                                                        
0000342d  pvPortMalloc                                                         
00000f91  pvTaskIncrementMutexHeldCount                                        
20004678  pxCurrentTCB                                                         
00002b39  pxPortInitialiseStack                                                
000040e9  strcmp                                                               
00004119  strlen                                                               
00004900  ti_catalog_arm_cortexm4_tiva_ce_Boot_A_mustNotUseEnhancedClockMode__C
00004904  ti_catalog_arm_cortexm4_tiva_ce_Boot_Module__diagsEnabled__C         
00004908  ti_catalog_arm_cortexm4_tiva_ce_Boot_Module__diagsIncluded__C        
0000490c  ti_catalog_arm_cortexm4_tiva_ce_Boot_Module__diagsMask__C            
000048da  ti_catalog_arm_cortexm4_tiva_ce_Boot_Module__id__C                   
00004141  ti_catalog_arm_cortexm4_tiva_ce_Boot_init__I                         
00002939  ti_catalog_arm_cortexm4_tiva_ce_Boot_sysCtlClockFreqSetI__I          
00003601  ti_catalog_arm_cortexm4_tiva_ce_Boot_sysCtlClockFreqSet__E           
000048fc  ulMaxSyscallInterruptPriority                                        
000032c1  ulPortGetIPSR                                                        
00000fa9  ulTaskNotifyTake                                                     
00002e93  uxListRemove                                                         
00001cc5  uxQueueMessagesWaiting                                               
00001cfb  uxQueueMessagesWaitingFromISR                                        
00001cdb  uxQueueSpacesAvailable                                               
0000085d  uxTaskGetNumberOfTasks                                               
00000f69  uxTaskResetEventItemValue                                            
00002db1  vListInitialise                                                      
00002de1  vListInitialiseItem                                                  
00002e2d  vListInsert                                                          
00002df1  vListInsertEnd                                                       
0000337d  vPortEnableVFP                                                       
00002bd9  vPortEndScheduler                                                    
00002bdb  vPortEnterCritical                                                   
00002bfb  vPortExitCritical                                                    
0000349d  vPortFree                                                            
000034a7  vPortInitialiseBlocks                                                
00003339  vPortSVCHandler                                                      
00002c37  vPortSetupTimerInterrupt                                             
00003359  vPortStartFirstTask                                                  
00001d11  vQueueDelete                                                         
0000047f  vTaskDelay                                                           
000003ef  vTaskDelayUntil                                                      
00000729  vTaskEndScheduler                                                    
00000b85  vTaskInternalSetTimeOutState                                         
00000c27  vTaskMissedYield                                                     
000012bd  vTaskNotifyGiveFromISR                                               
00000a2d  vTaskPlaceOnEventList                                                
00000a4d  vTaskPlaceOnUnorderedEventList                                       
00000e95  vTaskPriorityDisinheritAfterTimeout                                  
00000af9  vTaskRemoveFromUnorderedEventList                                    
000005cd  vTaskResume                                                          
00000b5b  vTaskSetTimeOutState                                                 
000006df  vTaskStartScheduler                                                  
000004b5  vTaskSuspend                                                         
00000745  vTaskSuspendAll                                                      
000009c5  vTaskSwitchContext                                                   
000034af  xPortGetFreeHeapSize                                                 
000032d9  xPortPendSVHandler                                                   
00002ba3  xPortStartScheduler                                                  
00002c11  xPortSysTickHandler                                                  
000015b9  xQueueCreateMutex                                                    
00001505  xQueueGenericCreate                                                  
00001465  xQueueGenericReset                                                   
000015e5  xQueueGenericSend                                                    
00001715  xQueueGenericSendFromISR                                             
000017b1  xQueueGiveFromISR                                                    
00001f0f  xQueueIsQueueEmptyFromISR                                            
00001f55  xQueueIsQueueFullFromISR                                             
00001ab7  xQueuePeek                                                           
00001c73  xQueuePeekFromISR                                                    
00001845  xQueueReceive                                                        
00001bd9  xQueueReceiveFromISR                                                 
0000195d  xQueueSemaphoreTake                                                  
00000ba9  xTaskCheckForTimeOut                                                 
00000201  xTaskCreate                                                          
000010c5  xTaskGenericNotify                                                   
000011b5  xTaskGenericNotifyFromISR                                            
00000ce1  xTaskGetCurrentTaskHandle                                            
00000833  xTaskGetTickCount                                                    
00000849  xTaskGetTickCountFromISR                                             
00000895  xTaskIncrementTick                                                   
00001369  xTaskNotifyStateClear                                                
00001025  xTaskNotifyWait                                                      
00000ddd  xTaskPriorityDisinherit                                              
00000cf9  xTaskPriorityInherit                                                 
00000a81  xTaskRemoveFromEventList                                             
00000755  xTaskResumeAll                                                       
00000659  xTaskResumeFromISR                                                   
00004910  xdc_runtime_Assert_E_assertFailed__C                                 
00003c4d  xdc_runtime_Assert_raise__I                                          
00004914  xdc_runtime_Error_Module__diagsEnabled__C                            
00004918  xdc_runtime_Error_Module__diagsIncluded__C                           
0000491c  xdc_runtime_Error_Module__diagsMask__C                               
00004968  xdc_runtime_Error_Module__loggerDefined__C                           
00004920  xdc_runtime_Error_Module__loggerFxn8__C                              
00004924  xdc_runtime_Error_Module__loggerObj__C                               
20004724  xdc_runtime_Error_Module__state__V                                   
0000421d  xdc_runtime_Error_getSite__E                                         
0000421d  xdc_runtime_Error_getSite__F                                         
000041d1  xdc_runtime_Error_init__E                                            
000041d1  xdc_runtime_Error_init__F                                            
0000496a  xdc_runtime_Error_maxDepth__C                                        
000046ab  xdc_runtime_Error_policy__C                                          
0000389d  xdc_runtime_Error_print__E                                           
0000389d  xdc_runtime_Error_print__F                                           
00004928  xdc_runtime_Error_raiseHook__C                                       
00002c75  xdc_runtime_Error_raiseX__E                                          
00002c75  xdc_runtime_Error_raiseX__F                                          
00004221  xdc_runtime_GateNull_enter__E                                        
00004221  xdc_runtime_GateNull_enter__F                                        
00002edb  xdc_runtime_GateNull_leave__E                                        
00002edb  xdc_runtime_GateNull_leave__F                                        
000041dd  xdc_runtime_Gate_enterSystem__E                                      
000041dd  xdc_runtime_Gate_enterSystem__F                                      
00004151  xdc_runtime_Gate_leaveSystem__E                                      
00004151  xdc_runtime_Gate_leaveSystem__F                                      
0000492c  xdc_runtime_Log_L_error__C                                           
20004704  xdc_runtime_Registry_Module__state__V                                
00004025  xdc_runtime_Registry_findById__E                                     
00004025  xdc_runtime_Registry_findById__F                                     
2000470c  xdc_runtime_Startup_Module__state__V                                 
00000001  xdc_runtime_Startup__EXECFXN__C                                      
00000001  xdc_runtime_Startup__RESETFXN__C                                     
00004930  xdc_runtime_Startup_execImpl__C                                      
00003a7d  xdc_runtime_Startup_exec__E                                          
00003a7d  xdc_runtime_Startup_exec__F                                          
000041e9  xdc_runtime_Startup_exec__I                                          
00004934  xdc_runtime_Startup_firstFxns__A                                     
000048e4  xdc_runtime_Startup_firstFxns__C                                     
00004938  xdc_runtime_Startup_lastFxns__A                                      
000048ec  xdc_runtime_Startup_lastFxns__C                                      
0000493c  xdc_runtime_Startup_maxPasses__C                                     
0000338b  xdc_runtime_Startup_reset__I                                         
00004940  xdc_runtime_Startup_sfxnRts__A                                       
00004944  xdc_runtime_Startup_sfxnRts__C                                       
000048f4  xdc_runtime_Startup_sfxnTab__A                                       
00004948  xdc_runtime_Startup_sfxnTab__C                                       
00002fdd  xdc_runtime_Startup_startMods__I                                     
20002000  xdc_runtime_SysMin_Module_State_0_outbuf__A                          
200046d4  xdc_runtime_SysMin_Module__state__V                                  
00004045  xdc_runtime_SysMin_Module_startup__E                                 
00004045  xdc_runtime_SysMin_Module_startup__F                                 
00003ed9  xdc_runtime_SysMin_abort__E                                          
00003ed9  xdc_runtime_SysMin_abort__F                                          
0000494c  xdc_runtime_SysMin_bufSize__C                                        
00004081  xdc_runtime_SysMin_exit__E                                           
00004081  xdc_runtime_SysMin_exit__F                                           
0000496c  xdc_runtime_SysMin_flushAtExit__C                                    
00003cd9  xdc_runtime_SysMin_flush__E                                          
00003cd9  xdc_runtime_SysMin_flush__F                                          
00004950  xdc_runtime_SysMin_outputFunc__C                                     
00004003  xdc_runtime_SysMin_output__I                                         
00003dd5  xdc_runtime_SysMin_putch__E                                          
00003dd5  xdc_runtime_SysMin_putch__F                                          
00004161  xdc_runtime_SysMin_ready__E                                          
00004161  xdc_runtime_SysMin_ready__F                                          
00004225  xdc_runtime_System_Module_GateProxy_enter__E                         
00004229  xdc_runtime_System_Module_GateProxy_leave__E                         
200046a8  xdc_runtime_System_Module_State_0_atexitHandlers__A                  
00004954  xdc_runtime_System_Module__gateObj__C                                
200046e0  xdc_runtime_System_Module__state__V                                  
0000420f  xdc_runtime_System_Module_startup__E                                 
0000420f  xdc_runtime_System_Module_startup__F                                 
00003ed9  xdc_runtime_System_SupportProxy_abort__E                             
00004081  xdc_runtime_System_SupportProxy_exit__E                              
00003cd9  xdc_runtime_System_SupportProxy_flush__E                             
00003dd5  xdc_runtime_System_SupportProxy_putch__E                             
00004161  xdc_runtime_System_SupportProxy_ready__E                             
0000412d  xdc_runtime_System_abort__E                                          
0000412d  xdc_runtime_System_abort__F                                          
0000409d  xdc_runtime_System_aprintf__E                                        
0000422d  xdc_runtime_System_aprintf_va__F                                     
00003fb9  xdc_runtime_System_avprintf__F                                       
00002365  xdc_runtime_System_doPrint__I                                        
00004958  xdc_runtime_System_extendFxn__C                                      
00003cd9  xdc_runtime_System_flush__E                                          
00003cd9  xdc_runtime_System_flush__F                                          
00003acd  xdc_runtime_System_formatNum__I                                      
000041f5  xdc_runtime_System_lastFxn__I                                        
000030d5  xdc_runtime_System_printfExtend__I                                   
000040b7  xdc_runtime_System_printf__E                                         
00004231  xdc_runtime_System_printf_va__F                                      
00003f65  xdc_runtime_System_putchar__I                                        
00003f39  xdc_runtime_System_rtsExit__I                                        
00003fdf  xdc_runtime_System_vprintf__F                                        
00004235  xdc_runtime_System_vsnprintf__E                                      
00004171  xdc_runtime_System_vsnprintf__F                                      
00004238  xdc_runtime_Text_charTab__A                                          
0000495c  xdc_runtime_Text_charTab__C                                          
0000496e  xdc_runtime_Text_isLoaded__C                                         
00004838  xdc_runtime_Text_nodeTab__A                                          
00004960  xdc_runtime_Text_nodeTab__C                                          
00003f09  xdc_runtime_Text_printVisFxn__I                                      
00003971  xdc_runtime_Text_putLab__E                                           
00003971  xdc_runtime_Text_putLab__F                                           
00003695  xdc_runtime_Text_putMod__E                                           
00003695  xdc_runtime_Text_putMod__F                                           
00003565  xdc_runtime_Text_putSite__E                                          
00003565  xdc_runtime_Text_putSite__F                                          
00004970  xdc_runtime_Text_registryModsLastId__C                               
00004101  xdc_runtime_Text_ropeText__E                                         
00004101  xdc_runtime_Text_ropeText__F                                         
00004972  xdc_runtime_Text_unnamedModsLastId__C                                
00003b1d  xdc_runtime_Text_visitRope2__I                                       
00004964  xdc_runtime_Text_visitRopeFxn__C                                     
00004181  xdc_runtime_Text_visitRope__I                                        
00003d5f  xdc_runtime_Text_xprintf__I                                          


GLOBAL SYMBOLS: SORTED BY Symbol Address 

address   name                                                                 
-------   ----                                                                 
00000000  __ASM__                                                              
00000000  __TI_static_base__                                                   
00000000  g_pfnVectors                                                         
00000001  xdc_runtime_Startup__EXECFXN__C                                      
00000001  xdc_runtime_Startup__RESETFXN__C                                     
00000052  __ISA__                                                              
00000065  __PLAT__                                                             
00000086  __TARG__                                                             
000000ac  __TRDR__                                                             
00000201  xTaskCreate                                                          
000003ef  vTaskDelayUntil                                                      
0000047f  vTaskDelay                                                           
000004b5  vTaskSuspend                                                         
000005cd  vTaskResume                                                          
00000659  xTaskResumeFromISR                                                   
000006df  vTaskStartScheduler                                                  
00000729  vTaskEndScheduler                                                    
00000745  vTaskSuspendAll                                                      
00000755  xTaskResumeAll                                                       
00000833  xTaskGetTickCount                                                    
00000849  xTaskGetTickCountFromISR                                             
0000085d  uxTaskGetNumberOfTasks                                               
00000863  pcTaskGetName                                                        
00000895  xTaskIncrementTick                                                   
000009c5  vTaskSwitchContext                                                   
00000a2d  vTaskPlaceOnEventList                                                
00000a4d  vTaskPlaceOnUnorderedEventList                                       
00000a81  xTaskRemoveFromEventList                                             
00000af9  vTaskRemoveFromUnorderedEventList                                    
00000b5b  vTaskSetTimeOutState                                                 
00000b85  vTaskInternalSetTimeOutState                                         
00000ba9  xTaskCheckForTimeOut                                                 
00000c27  vTaskMissedYield                                                     
00000ce1  xTaskGetCurrentTaskHandle                                            
00000cf9  xTaskPriorityInherit                                                 
00000ddd  xTaskPriorityDisinherit                                              
00000e95  vTaskPriorityDisinheritAfterTimeout                                  
00000f69  uxTaskResetEventItemValue                                            
00000f91  pvTaskIncrementMutexHeldCount                                        
00000fa9  ulTaskNotifyTake                                                     
00001000  __STACK_SIZE                                                         
00001000  __SYSMEM_SIZE                                                        
00001025  xTaskNotifyWait                                                      
000010c5  xTaskGenericNotify                                                   
000011b5  xTaskGenericNotifyFromISR                                            
000012bd  vTaskNotifyGiveFromISR                                               
00001369  xTaskNotifyStateClear                                                
00001465  xQueueGenericReset                                                   
00001505  xQueueGenericCreate                                                  
000015b9  xQueueCreateMutex                                                    
000015e5  xQueueGenericSend                                                    
00001715  xQueueGenericSendFromISR                                             
000017b1  xQueueGiveFromISR                                                    
00001845  xQueueReceive                                                        
0000195d  xQueueSemaphoreTake                                                  
00001ab7  xQueuePeek                                                           
00001bd9  xQueueReceiveFromISR                                                 
00001c73  xQueuePeekFromISR                                                    
00001cc5  uxQueueMessagesWaiting                                               
00001cdb  uxQueueSpacesAvailable                                               
00001cfb  uxQueueMessagesWaitingFromISR                                        
00001d11  vQueueDelete                                                         
00001f0f  xQueueIsQueueEmptyFromISR                                            
00001f55  xQueueIsQueueFullFromISR                                             
00001f7b  _nop                                                                 
00001f7d  main                                                                 
00002365  xdc_runtime_System_doPrint__I                                        
000026a9  PinoutSet                                                            
000027e1  LEDWrite                                                             
00002871  LEDRead                                                              
00002939  ti_catalog_arm_cortexm4_tiva_ce_Boot_sysCtlClockFreqSetI__I          
00002b39  pxPortInitialiseStack                                                
00002ba3  xPortStartScheduler                                                  
00002bd9  vPortEndScheduler                                                    
00002bdb  vPortEnterCritical                                                   
00002bfb  vPortExitCritical                                                    
00002c11  xPortSysTickHandler                                                  
00002c37  vPortSetupTimerInterrupt                                             
00002c75  xdc_runtime_Error_raiseX__E                                          
00002c75  xdc_runtime_Error_raiseX__F                                          
00002db1  vListInitialise                                                      
00002de1  vListInitialiseItem                                                  
00002df1  vListInsertEnd                                                       
00002e2d  vListInsert                                                          
00002e93  uxListRemove                                                         
00002edb  xdc_runtime_GateNull_leave__E                                        
00002edb  xdc_runtime_GateNull_leave__F                                        
00002edd  aligned_alloc                                                        
00002edd  memalign                                                             
00002fdd  xdc_runtime_Startup_startMods__I                                     
000030d5  xdc_runtime_System_printfExtend__I                                   
000031cd  free                                                                 
000032c1  ulPortGetIPSR                                                        
000032d9  xPortPendSVHandler                                                   
00003339  vPortSVCHandler                                                      
00003359  vPortStartFirstTask                                                  
0000337d  vPortEnableVFP                                                       
0000338b  xdc_runtime_Startup_reset__I                                         
0000338d  __TI_auto_init                                                       
0000342d  pvPortMalloc                                                         
0000349d  vPortFree                                                            
000034a7  vPortInitialiseBlocks                                                
000034af  xPortGetFreeHeapSize                                                 
000034c9  __aeabi_memcpy                                                       
000034c9  __aeabi_memcpy4                                                      
000034c9  __aeabi_memcpy8                                                      
000034c9  memcpy                                                               
00003565  xdc_runtime_Text_putSite__E                                          
00003565  xdc_runtime_Text_putSite__F                                          
00003601  ti_catalog_arm_cortexm4_tiva_ce_Boot_sysCtlClockFreqSet__E           
00003695  xdc_runtime_Text_putMod__E                                           
00003695  xdc_runtime_Text_putMod__F                                           
00003729  configureISR                                                         
00003749  gpioPortJIsr                                                         
000037b1  __aeabi_memclr                                                       
000037b1  __aeabi_memclr4                                                      
000037b1  __aeabi_memclr8                                                      
000037b3  __aeabi_memset                                                       
000037b3  __aeabi_memset4                                                      
000037b3  __aeabi_memset8                                                      
000037b9  memset                                                               
0000389d  xdc_runtime_Error_print__E                                           
0000389d  xdc_runtime_Error_print__F                                           
00003909  __TI_decompress_lzss                                                 
00003971  xdc_runtime_Text_putLab__E                                           
00003971  xdc_runtime_Text_putLab__F                                           
000039cd  _c_int00                                                             
00003a25  HOSTwrite                                                            
00003a7d  xdc_runtime_Startup_exec__E                                          
00003a7d  xdc_runtime_Startup_exec__F                                          
00003acd  xdc_runtime_System_formatNum__I                                      
00003b1d  xdc_runtime_Text_visitRope2__I                                       
00003bb9  copy_in                                                              
00003c05  exit                                                                 
00003c4d  xdc_runtime_Assert_raise__I                                          
00003c95  _Z25__add_destruction_to_listPP20a_needed_destructionPFYvPvES2_S2_   
00003cd9  xdc_runtime_SysMin_flush__E                                          
00003cd9  xdc_runtime_SysMin_flush__F                                          
00003cd9  xdc_runtime_System_SupportProxy_flush__E                             
00003cd9  xdc_runtime_System_flush__E                                          
00003cd9  xdc_runtime_System_flush__F                                          
00003d1d  _Z23__finalize_destructionsPP20a_needed_destructionPv                
00003d5f  xdc_runtime_Text_xprintf__I                                          
00003d9d  __TI_writemsg                                                        
00003dcb  C$$IO$$                                                              
00003dd5  xdc_runtime_SysMin_putch__E                                          
00003dd5  xdc_runtime_SysMin_putch__F                                          
00003dd5  xdc_runtime_System_SupportProxy_putch__E                             
00003e0d  __cxa_atexit                                                         
00003e41  __TI_readmsg                                                         
00003e75  _c_int00_noargs                                                      
00003ed9  xdc_runtime_SysMin_abort__E                                          
00003ed9  xdc_runtime_SysMin_abort__F                                          
00003ed9  xdc_runtime_System_SupportProxy_abort__E                             
00003f09  xdc_runtime_Text_printVisFxn__I                                      
00003f39  xdc_runtime_System_rtsExit__I                                        
00003f65  xdc_runtime_System_putchar__I                                        
00003fb9  xdc_runtime_System_avprintf__F                                       
00003fdf  xdc_runtime_System_vprintf__F                                        
00004003  xdc_runtime_SysMin_output__I                                         
00004025  xdc_runtime_Registry_findById__E                                     
00004025  xdc_runtime_Registry_findById__F                                     
00004045  xdc_runtime_SysMin_Module_startup__E                                 
00004045  xdc_runtime_SysMin_Module_startup__F                                 
00004081  xdc_runtime_SysMin_exit__E                                           
00004081  xdc_runtime_SysMin_exit__F                                           
00004081  xdc_runtime_System_SupportProxy_exit__E                              
0000409d  xdc_runtime_System_aprintf__E                                        
000040b7  xdc_runtime_System_printf__E                                         
000040d1  _args_main                                                           
000040e9  strcmp                                                               
00004101  xdc_runtime_Text_ropeText__E                                         
00004101  xdc_runtime_Text_ropeText__F                                         
00004119  strlen                                                               
0000412d  xdc_runtime_System_abort__E                                          
0000412d  xdc_runtime_System_abort__F                                          
00004141  ti_catalog_arm_cortexm4_tiva_ce_Boot_init__I                         
00004151  xdc_runtime_Gate_leaveSystem__E                                      
00004151  xdc_runtime_Gate_leaveSystem__F                                      
00004161  xdc_runtime_SysMin_ready__E                                          
00004161  xdc_runtime_SysMin_ready__F                                          
00004161  xdc_runtime_System_SupportProxy_ready__E                             
00004171  xdc_runtime_System_vsnprintf__F                                      
00004181  xdc_runtime_Text_visitRope__I                                        
00004191  atexit                                                               
0000419f  __TI_decompress_none                                                 
000041ad  __cxa_finalize                                                       
000041b9  __TI_zero_init                                                       
000041c5  ResetISR                                                             
000041d1  xdc_runtime_Error_init__E                                            
000041d1  xdc_runtime_Error_init__F                                            
000041dd  xdc_runtime_Gate_enterSystem__E                                      
000041dd  xdc_runtime_Gate_enterSystem__F                                      
000041e9  xdc_runtime_Startup_exec__I                                          
000041f5  xdc_runtime_System_lastFxn__I                                        
00004201  malloc                                                               
00004209  __cxa_ia64_exit                                                      
0000420f  xdc_runtime_System_Module_startup__E                                 
0000420f  xdc_runtime_System_Module_startup__F                                 
00004215  _system_pre_init                                                     
00004219  C$$EXIT                                                              
00004219  abort                                                                
0000421d  xdc_runtime_Error_getSite__E                                         
0000421d  xdc_runtime_Error_getSite__F                                         
00004221  xdc_runtime_GateNull_enter__E                                        
00004221  xdc_runtime_GateNull_enter__F                                        
00004225  xdc_runtime_System_Module_GateProxy_enter__E                         
00004229  xdc_runtime_System_Module_GateProxy_leave__E                         
0000422d  xdc_runtime_System_aprintf_va__F                                     
00004231  xdc_runtime_System_printf_va__F                                      
00004235  xdc_runtime_System_vsnprintf__E                                      
00004238  xdc_runtime_Text_charTab__A                                          
000046ab  xdc_runtime_Error_policy__C                                          
00004838  xdc_runtime_Text_nodeTab__A                                          
000048da  ti_catalog_arm_cortexm4_tiva_ce_Boot_Module__id__C                   
000048e4  xdc_runtime_Startup_firstFxns__C                                     
000048ec  xdc_runtime_Startup_lastFxns__C                                      
000048f4  xdc_runtime_Startup_sfxnTab__A                                       
000048fc  ulMaxSyscallInterruptPriority                                        
00004900  ti_catalog_arm_cortexm4_tiva_ce_Boot_A_mustNotUseEnhancedClockMode__C
00004904  ti_catalog_arm_cortexm4_tiva_ce_Boot_Module__diagsEnabled__C         
00004908  ti_catalog_arm_cortexm4_tiva_ce_Boot_Module__diagsIncluded__C        
0000490c  ti_catalog_arm_cortexm4_tiva_ce_Boot_Module__diagsMask__C            
00004910  xdc_runtime_Assert_E_assertFailed__C                                 
00004914  xdc_runtime_Error_Module__diagsEnabled__C                            
00004918  xdc_runtime_Error_Module__diagsIncluded__C                           
0000491c  xdc_runtime_Error_Module__diagsMask__C                               
00004920  xdc_runtime_Error_Module__loggerFxn8__C                              
00004924  xdc_runtime_Error_Module__loggerObj__C                               
00004928  xdc_runtime_Error_raiseHook__C                                       
0000492c  xdc_runtime_Log_L_error__C                                           
00004930  xdc_runtime_Startup_execImpl__C                                      
00004934  xdc_runtime_Startup_firstFxns__A                                     
00004938  xdc_runtime_Startup_lastFxns__A                                      
0000493c  xdc_runtime_Startup_maxPasses__C                                     
00004940  xdc_runtime_Startup_sfxnRts__A                                       
00004944  xdc_runtime_Startup_sfxnRts__C                                       
00004948  xdc_runtime_Startup_sfxnTab__C                                       
0000494c  xdc_runtime_SysMin_bufSize__C                                        
00004950  xdc_runtime_SysMin_outputFunc__C                                     
00004954  xdc_runtime_System_Module__gateObj__C                                
00004958  xdc_runtime_System_extendFxn__C                                      
0000495c  xdc_runtime_Text_charTab__C                                          
00004960  xdc_runtime_Text_nodeTab__C                                          
00004964  xdc_runtime_Text_visitRopeFxn__C                                     
00004968  xdc_runtime_Error_Module__loggerDefined__C                           
0000496a  xdc_runtime_Error_maxDepth__C                                        
0000496c  xdc_runtime_SysMin_flushAtExit__C                                    
0000496e  xdc_runtime_Text_isLoaded__C                                         
00004970  xdc_runtime_Text_registryModsLastId__C                               
00004972  xdc_runtime_Text_unnamedModsLastId__C                                
00004974  __c_args__                                                           
00004b94  __TI_Handler_Table_Base                                              
00004ba0  __TI_Handler_Table_Limit                                             
00004ba8  __TI_CINIT_Base                                                      
00004bb8  __TI_CINIT_Limit                                                     
20000000  __start___llvm_prf_cnts                                              
20000000  __stop___llvm_prf_cnts                                               
20002000  xdc_runtime_SysMin_Module_State_0_outbuf__A                          
20002400  __CIOBUF_                                                            
200025c0  adcTP0_                                                              
200025dc  adcTP1_                                                              
20002648  buttonServiceTP_                                                     
2000266c  parmbuf                                                              
20002678  __stack                                                              
20002878  __STACK_TOP                                                          
20003678  __STACK_END                                                          
20003678  _sys_memory                                                          
20004678  pxCurrentTCB                                                         
200046a8  xdc_runtime_System_Module_State_0_atexitHandlers__A                  
200046c8  __TI_cleanup_ptr                                                     
200046cc  __TI_dtors_ptr                                                       
200046d0  __TI_enable_exit_profile_output                                      
200046d4  xdc_runtime_SysMin_Module__state__V                                  
200046e0  xdc_runtime_System_Module__state__V                                  
200046ec  _lock                                                                
200046f0  _unlock                                                              
20004704  xdc_runtime_Registry_Module__state__V                                
2000470c  xdc_runtime_Startup_Module__state__V                                 
20004714  activationCounterJ1_                                                 
20004720  main_func_sp                                                         
20004724  xdc_runtime_Error_Module__state__V                                   
ffffffff  __TI_pprof_out_hndl                                                  
ffffffff  __TI_prof_data_size                                                  
ffffffff  __TI_prof_data_start                                                 
ffffffff  __binit__                                                            
ffffffff  binit                                                                
UNDEFED   GPIOPadConfigSet                                                     
UNDEFED   GPIOPinConfigure                                                     
UNDEFED   GPIOPinRead                                                          
UNDEFED   GPIOPinTypeEthernetLED                                               
UNDEFED   GPIOPinTypeGPIOInput                                                 
UNDEFED   GPIOPinTypeGPIOOutput                                                
UNDEFED   GPIOPinTypeUART                                                      
UNDEFED   GPIOPinTypeUSBAnalog                                                 
UNDEFED   GPIOPinTypeUSBDigital                                                
UNDEFED   GPIOPinWrite                                                         
UNDEFED   SHT$$INIT_ARRAY$$Base                                                
UNDEFED   SHT$$INIT_ARRAY$$Limit                                               
UNDEFED   SysCtlClockFreqSet                                                   
UNDEFED   SysCtlPeripheralEnable                                               
UNDEFED   SysCtlPeripheralReady                                                
UNDEFED   __mpu_init                                                           

[303 symbols]
